Archive member included to satisfy reference by file (symbol)

c:/progra~1/raspbe~1/picosd~1.0/gcc-ar~1/bin/../lib/gcc/arm-none-eabi/10.3.1/thumb/v6-m/nofp\libgcc.a(_dvmd_tls.o)
                              CMakeFiles/chord.dir/C_/Program_Files/Raspberry_Pi/Pico_SDK_v1.5.0/pico-sdk/src/rp2_common/pico_divider/divider.S.obj (__aeabi_idiv0)
c:/progra~1/raspbe~1/picosd~1.0/gcc-ar~1/bin/../lib/gcc/arm-none-eabi/10.3.1/../../../../arm-none-eabi/lib/thumb/v6-m/nofp\libg.a(lib_a-calloc.o)
                              CMakeFiles/chord.dir/C_/Program_Files/Raspberry_Pi/Pico_SDK_v1.5.0/pico-sdk/src/rp2_common/pico_malloc/pico_malloc.c.obj (calloc)
c:/progra~1/raspbe~1/picosd~1.0/gcc-ar~1/bin/../lib/gcc/arm-none-eabi/10.3.1/../../../../arm-none-eabi/lib/thumb/v6-m/nofp\libg.a(lib_a-callocr.o)
                              c:/progra~1/raspbe~1/picosd~1.0/gcc-ar~1/bin/../lib/gcc/arm-none-eabi/10.3.1/../../../../arm-none-eabi/lib/thumb/v6-m/nofp\libg.a(lib_a-calloc.o) (_calloc_r)
c:/progra~1/raspbe~1/picosd~1.0/gcc-ar~1/bin/../lib/gcc/arm-none-eabi/10.3.1/../../../../arm-none-eabi/lib/thumb/v6-m/nofp\libg.a(lib_a-errno.o)
                              c:/progra~1/raspbe~1/picosd~1.0/gcc-ar~1/bin/../lib/gcc/arm-none-eabi/10.3.1/../../../../arm-none-eabi/lib/thumb/v6-m/nofp\libg.a(lib_a-callocr.o) (__errno)
c:/progra~1/raspbe~1/picosd~1.0/gcc-ar~1/bin/../lib/gcc/arm-none-eabi/10.3.1/../../../../arm-none-eabi/lib/thumb/v6-m/nofp\libg.a(lib_a-impure.o)
                              c:/progra~1/raspbe~1/picosd~1.0/gcc-ar~1/bin/../lib/gcc/arm-none-eabi/10.3.1/../../../../arm-none-eabi/lib/thumb/v6-m/nofp\libg.a(lib_a-calloc.o) (_impure_ptr)
c:/progra~1/raspbe~1/picosd~1.0/gcc-ar~1/bin/../lib/gcc/arm-none-eabi/10.3.1/../../../../arm-none-eabi/lib/thumb/v6-m/nofp\libg.a(lib_a-init.o)
                              c:/progra~1/raspbe~1/picosd~1.0/gcc-ar~1/bin/../lib/gcc/arm-none-eabi/10.3.1/../../../../arm-none-eabi/lib/thumb/v6-m/nofp/crt0.o (__libc_init_array)
c:/progra~1/raspbe~1/picosd~1.0/gcc-ar~1/bin/../lib/gcc/arm-none-eabi/10.3.1/../../../../arm-none-eabi/lib/thumb/v6-m/nofp\libg.a(lib_a-malloc.o)
                              CMakeFiles/chord.dir/C_/Program_Files/Raspberry_Pi/Pico_SDK_v1.5.0/pico-sdk/src/rp2_common/pico_malloc/pico_malloc.c.obj (malloc)
c:/progra~1/raspbe~1/picosd~1.0/gcc-ar~1/bin/../lib/gcc/arm-none-eabi/10.3.1/../../../../arm-none-eabi/lib/thumb/v6-m/nofp\libg.a(lib_a-mallocr.o)
                              c:/progra~1/raspbe~1/picosd~1.0/gcc-ar~1/bin/../lib/gcc/arm-none-eabi/10.3.1/../../../../arm-none-eabi/lib/thumb/v6-m/nofp\libg.a(lib_a-callocr.o) (_malloc_r)
c:/progra~1/raspbe~1/picosd~1.0/gcc-ar~1/bin/../lib/gcc/arm-none-eabi/10.3.1/../../../../arm-none-eabi/lib/thumb/v6-m/nofp\libg.a(lib_a-mlock.o)
                              c:/progra~1/raspbe~1/picosd~1.0/gcc-ar~1/bin/../lib/gcc/arm-none-eabi/10.3.1/../../../../arm-none-eabi/lib/thumb/v6-m/nofp\libg.a(lib_a-mallocr.o) (__malloc_lock)
c:/progra~1/raspbe~1/picosd~1.0/gcc-ar~1/bin/../lib/gcc/arm-none-eabi/10.3.1/../../../../arm-none-eabi/lib/thumb/v6-m/nofp\libg.a(lib_a-realloc.o)
                              CMakeFiles/chord.dir/C_/Program_Files/Raspberry_Pi/Pico_SDK_v1.5.0/pico-sdk/src/rp2_common/pico_malloc/pico_malloc.c.obj (realloc)
c:/progra~1/raspbe~1/picosd~1.0/gcc-ar~1/bin/../lib/gcc/arm-none-eabi/10.3.1/../../../../arm-none-eabi/lib/thumb/v6-m/nofp\libg.a(lib_a-reallocr.o)
                              c:/progra~1/raspbe~1/picosd~1.0/gcc-ar~1/bin/../lib/gcc/arm-none-eabi/10.3.1/../../../../arm-none-eabi/lib/thumb/v6-m/nofp\libg.a(lib_a-realloc.o) (_realloc_r)
c:/progra~1/raspbe~1/picosd~1.0/gcc-ar~1/bin/../lib/gcc/arm-none-eabi/10.3.1/../../../../arm-none-eabi/lib/thumb/v6-m/nofp\libg.a(lib_a-sbrkr.o)
                              c:/progra~1/raspbe~1/picosd~1.0/gcc-ar~1/bin/../lib/gcc/arm-none-eabi/10.3.1/../../../../arm-none-eabi/lib/thumb/v6-m/nofp\libg.a(lib_a-mallocr.o) (_sbrk_r)
c:/progra~1/raspbe~1/picosd~1.0/gcc-ar~1/bin/../lib/gcc/arm-none-eabi/10.3.1/../../../../arm-none-eabi/lib/thumb/v6-m/nofp\libg.a(lib_a-strlen-stub.o)
                              CMakeFiles/chord.dir/usb_descriptors.c.obj (strlen)
c:/progra~1/raspbe~1/picosd~1.0/gcc-ar~1/bin/../lib/gcc/arm-none-eabi/10.3.1/../../../../arm-none-eabi/lib/thumb/v6-m/nofp\libg.a(lib_a-freer.o)
                              c:/progra~1/raspbe~1/picosd~1.0/gcc-ar~1/bin/../lib/gcc/arm-none-eabi/10.3.1/../../../../arm-none-eabi/lib/thumb/v6-m/nofp\libg.a(lib_a-malloc.o) (_free_r)
c:/progra~1/raspbe~1/picosd~1.0/gcc-ar~1/bin/../lib/gcc/arm-none-eabi/10.3.1/../../../../arm-none-eabi/lib/thumb/v6-m/nofp\libg.a(lib_a-lock.o)
                              c:/progra~1/raspbe~1/picosd~1.0/gcc-ar~1/bin/../lib/gcc/arm-none-eabi/10.3.1/../../../../arm-none-eabi/lib/thumb/v6-m/nofp\libg.a(lib_a-mlock.o) (__retarget_lock_acquire_recursive)
c:/progra~1/raspbe~1/picosd~1.0/gcc-ar~1/bin/../lib/gcc/arm-none-eabi/10.3.1/../../../../arm-none-eabi/lib/thumb/v6-m/nofp\libg.a(lib_a-memmove.o)
[...]
Memory Configuration

Name             Origin             Length             Attributes
FLASH            0x10000000         0x00200000         xr
RAM              0x20000000         0x00040000         xrw
SCRATCH_X        0x20040000         0x00001000         xrw
SCRATCH_Y        0x20041000         0x00001000         xrw
*default*        0x00000000         0xffffffff

Linker script and memory map

LOAD c:/progra~1/raspbe~1/picosd~1.0/gcc-ar~1/bin/../lib/gcc/arm-none-eabi/10.3.1/thumb/v6-m/nofp/crti.o
LOAD c:/progra~1/raspbe~1/picosd~1.0/gcc-ar~1/bin/../lib/gcc/arm-none-eabi/10.3.1/thumb/v6-m/nofp/crtbegin.o
LOAD c:/progra~1/raspbe~1/picosd~1.0/gcc-ar~1/bin/../lib/gcc/arm-none-eabi/10.3.1/../../../../arm-none-eabi/lib/thumb/v6-m/nofp/crt0.o

.flash_begin    0x10000000        0x0
                0x10000000                __flash_binary_start = .

.boot2          0x10000000      0x100
                0x10000000                __boot2_start__ = .
 *(.boot2)
 .boot2         0x10000000      0x100 C:\Users\joelm\AppData\Local\Temp\ccieb22w.o
                0x10000100                __boot2_end__ = .
                0x00000001                ASSERT (((__boot2_end__ - __boot2_start__) == 0x100), ERROR: Pico second stage bootloader must be 256 bytes in size)

.text           0x10000100     0x7260
                0x10000100                __logical_binary_start = .
 *(.vectors)
 .vectors       0x10000100       0xd4 CMakeFiles/chord.dir/C_/Program_Files/Raspberry_Pi/Pico_SDK_v1.5.0/pico-sdk/src/rp2_common/pico_standard_link/crt0.S.obj
                0x10000100                __VECTOR_TABLE
                0x10000100                __vectors
                0x100001c0                isr_invalid
                0x100001c0                __default_isrs_start
                0x100001c2                isr_nmi
                0x100001c4                isr_hardfault
                0x100001c6                isr_svcall
                0x100001c8                isr_pendsv
                0x100001ca                isr_systick
                0x100001cc                isr_irq23
                0x100001cc                isr_irq18
                0x100001cc                isr_irq11
                0x100001cc                isr_irq28
                0x100001cc                isr_irq19
                0x100001cc                isr_irq0
                0x100001cc                isr_irq6
                0x100001cc                isr_irq5
                0x100001cc                isr_irq12
                0x100001cc                isr_irq22
                0x100001cc                isr_irq31
                0x100001cc                isr_irq17
                0x100001cc                isr_irq27
                0x100001cc                isr_irq30
                0x100001cc                isr_irq2
                0x100001cc                isr_irq10
                0x100001cc                isr_irq8
                0x100001cc                isr_irq24
                0x100001cc                isr_irq1
                0x100001cc                isr_irq7
                0x100001cc                isr_irq21
                0x100001cc                isr_irq20
                0x100001cc                isr_irq15
                0x100001cc                isr_irq25
                0x100001cc                isr_irq13
                0x100001cc                __unhandled_user_irq
                0x100001cc                isr_irq4
                0x100001cc                isr_irq16
                0x100001cc                isr_irq29
                0x100001cc                isr_irq26
                0x100001cc                __default_isrs_end
                0x100001cc                isr_irq3
                0x100001cc                isr_irq14
                0x100001cc                isr_irq9
                0x100001d2                unhandled_user_irq_num_in_r0
 *(.binary_info_header)
 .binary_info_header
                0x100001d4       0x14 CMakeFiles/chord.dir/C_/Program_Files/Raspberry_Pi/Pico_SDK_v1.5.0/pico-sdk/src/rp2_common/pico_standard_link/crt0.S.obj
                0x100001e8                __binary_info_header_end = .
 *(.reset)
 .reset         0x100001e8       0xa0 CMakeFiles/chord.dir/C_/Program_Files/Raspberry_Pi/Pico_SDK_v1.5.0/pico-sdk/src/rp2_common/pico_standard_link/crt0.S.obj
                0x100001e8                _entry_point
 .reset         0x10000288       0x30 CMakeFiles/chord.dir/C_/Program_Files/Raspberry_Pi/Pico_SDK_v1.5.0/pico-sdk/src/rp2_common/pico_standard_link/binary_info.c.obj
 *(.init)
 .init          0x100002b8        0x4 c:/progra~1/raspbe~1/picosd~1.0/gcc-ar~1/bin/../lib/gcc/arm-none-eabi/10.3.1/thumb/v6-m/nofp/crti.o
                0x100002b8                _init
 *(EXCLUDE_FILE(*libm.a: *libc.a:*lib_a-mem*.o *libgcc.a:) .text*)
 .text          0x100002bc       0x48 c:/progra~1/raspbe~1/picosd~1.0/gcc-ar~1/bin/../lib/gcc/arm-none-eabi/10.3.1/thumb/v6-m/nofp/crtbegin.o
 .text.mpr121_write
                0x10000304       0x1e CMakeFiles/chord.dir/chord.c.obj
 .text.mpr121_read
                0x10000322       0x2e CMakeFiles/chord.dir/chord.c.obj
 .text.mpr121_set_thresholds
                0x10000350       0x6c CMakeFiles/chord.dir/chord.c.obj
 .text.mpr121_read16
                0x100003bc       0x3a CMakeFiles/chord.dir/chord.c.obj
 .text.mpr121_touched
                0x100003f6       0x18 CMakeFiles/chord.dir/chord.c.obj
 *fill*         0x1000040e        0x2 
 .text.get_MIDI_note
                0x10000410       0x24 CMakeFiles/chord.dir/chord.c.obj
                0x10000410                get_MIDI_note
 .text.update_leds
                0x10000434       0x4c CMakeFiles/chord.dir/chord.c.obj
                0x10000434                update_leds
 .text.update_chord
                0x10000480       0x48 CMakeFiles/chord.dir/chord.c.obj
                0x10000480                update_chord
 .text.chord_select_task
                0x100004c8       0xf8 CMakeFiles/chord.dir/chord.c.obj
                0x100004c8                chord_select_task
 .text.send_UART_byte
                0x100005c0       0x6c CMakeFiles/chord.dir/chord.c.obj
                0x100005c0                send_UART_byte
 .text.send_MIDI_UART
                0x1000062c       0x18 CMakeFiles/chord.dir/chord.c.obj
                0x1000062c                send_MIDI_UART
 .text.midi_task
                0x10000644      0x148 CMakeFiles/chord.dir/chord.c.obj
                0x10000644                midi_task
 .text.gpio_initialise
                0x1000078c       0xa0 CMakeFiles/chord.dir/chord.c.obj
                0x1000078c                gpio_initialise
 .text.main     0x1000082c       0xe8 CMakeFiles/chord.dir/chord.c.obj
                0x1000082c                main
 .text.tud_mount_cb
                0x10000914        0x2 CMakeFiles/chord.dir/chord.c.obj
                0x10000914                tud_mount_cb
 .text.tud_umount_cb
                0x10000916        0x2 CMakeFiles/chord.dir/chord.c.obj
                0x10000916                tud_umount_cb
 .text.tud_suspend_cb
                0x10000918        0x2 CMakeFiles/chord.dir/chord.c.obj
                0x10000918                tud_suspend_cb
 .text.tud_resume_cb
                0x1000091a        0x2 CMakeFiles/chord.dir/chord.c.obj
                0x1000091a                tud_resume_cb
 .text.tud_descriptor_device_cb
                0x1000091c        0x8 CMakeFiles/chord.dir/usb_descriptors.c.obj
                0x1000091c                tud_descriptor_device_cb
 .text.tud_descriptor_configuration_cb
                0x10000924        0x8 CMakeFiles/chord.dir/usb_descriptors.c.obj
                0x10000924                tud_descriptor_configuration_cb
 .text.tud_descriptor_string_cb
                0x1000092c       0x60 CMakeFiles/chord.dir/usb_descriptors.c.obj
                0x1000092c                tud_descriptor_string_cb
 .text.ShiftRegister_74HC595_init
                0x1000098c       0x38 CMakeFiles/chord.dir/74HC595.c.obj
                0x1000098c                ShiftRegister_74HC595_init
 .text.clock_signal
                0x100009c4       0x20 CMakeFiles/chord.dir/74HC595.c.obj
                0x100009c4                clock_signal
 .text.latchRegister
                0x100009e4       0x22 CMakeFiles/chord.dir/74HC595.c.obj
                0x100009e4                latchRegister
 .text.shiftOutByte
                0x10000a06       0x34 CMakeFiles/chord.dir/74HC595.c.obj
                0x10000a06                shiftOutByte
 *fill*         0x10000a3a        0x2 
 .text.gpio_set_function
                0x10000a3c       0x30 CMakeFiles/chord.dir/C_/Program_Files/Raspberry_Pi/Pico_SDK_v1.5.0/pico-sdk/src/rp2_common/hardware_gpio/gpio.c.obj
                0x10000a3c                gpio_set_function
 .text.gpio_set_pulls
                0x10000a6c       0x34 CMakeFiles/chord.dir/C_/Program_Files/Raspberry_Pi/Pico_SDK_v1.5.0/pico-sdk/src/rp2_common/hardware_gpio/gpio.c.obj
                0x10000a6c                gpio_set_pulls
 .text.gpio_init
                0x10000aa0       0x16 CMakeFiles/chord.dir/C_/Program_Files/Raspberry_Pi/Pico_SDK_v1.5.0/pico-sdk/src/rp2_common/hardware_gpio/gpio.c.obj
                0x10000aa0                gpio_init
 *fill*         0x10000ab6        0x2 
 .text.running_on_fpga
                0x10000ab8       0x14 CMakeFiles/chord.dir/C_/Program_Files/Raspberry_Pi/Pico_SDK_v1.5.0/pico-sdk/src/rp2_common/pico_platform/platform.c.obj
                0x10000ab8                running_on_fpga
 .text.hw_claim_lock
                0x10000acc       0x18 CMakeFiles/chord.dir/C_/Program_Files/Raspberry_Pi/Pico_SDK_v1.5.0/pico-sdk/src/rp2_common/hardware_claim/claim.c.obj
                0x10000acc                hw_claim_lock
 .text.hw_claim_unlock
                0x10000ae4       0x14 CMakeFiles/chord.dir/C_/Program_Files/Raspberry_Pi/Pico_SDK_v1.5.0/pico-sdk/src/rp2_common/hardware_claim/claim.c.obj
                0x10000ae4                hw_claim_unlock
 .text.hw_claim_or_assert
                0x10000af8       0x32 CMakeFiles/chord.dir/C_/Program_Files/Raspberry_Pi/Pico_SDK_v1.5.0/pico-sdk/src/rp2_common/hardware_claim/claim.c.obj
                0x10000af8                hw_claim_or_assert
 .text.hw_claim_unused_from_range
                0x10000b2a       0x50 CMakeFiles/chord.dir/C_/Program_Files/Raspberry_Pi/Pico_SDK_v1.5.0/pico-sdk/src/rp2_common/hardware_claim/claim.c.obj
                0x10000b2a                hw_claim_unused_from_range
 *fill*         0x10000b7a        0x2 
 .text.spin_locks_reset
                0x10000b7c       0x20 CMakeFiles/chord.dir/C_/Program_Files/Raspberry_Pi/Pico_SDK_v1.5.0/pico-sdk/src/rp2_common/hardware_sync/sync.c.obj
                0x10000b7c                spin_locks_reset
 .text.next_striped_spin_lock_num
                0x10000b9c       0x1c CMakeFiles/chord.dir/C_/Program_Files/Raspberry_Pi/Pico_SDK_v1.5.0/pico-sdk/src/rp2_common/hardware_sync/sync.c.obj
                0x10000b9c                next_striped_spin_lock_num
 .text.spin_lock_claim_unused
                0x10000bb8       0x20 CMakeFiles/chord.dir/C_/Program_Files/Raspberry_Pi/Pico_SDK_v1.5.0/pico-sdk/src/rp2_common/hardware_sync/sync.c.obj
                0x10000bb8                spin_lock_claim_unused
 .text.set_raw_irq_handler_and_unlock
                0x10000bd8       0x28 CMakeFiles/chord.dir/C_/Program_Files/Raspberry_Pi/Pico_SDK_v1.5.0/pico-sdk/src/rp2_common/hardware_irq/irq.c.obj
 .text.make_branch
                0x10000c00       0x48 CMakeFiles/chord.dir/C_/Program_Files/Raspberry_Pi/Pico_SDK_v1.5.0/pico-sdk/src/rp2_common/hardware_irq/irq.c.obj
 .text.insert_branch_and_link
                0x10000c48       0x40 CMakeFiles/chord.dir/C_/Program_Files/Raspberry_Pi/Pico_SDK_v1.5.0/pico-sdk/src/rp2_common/hardware_irq/irq.c.obj
 .text.irq_is_enabled
                0x10000c88       0x18 CMakeFiles/chord.dir/C_/Program_Files/Raspberry_Pi/Pico_SDK_v1.5.0/pico-sdk/src/rp2_common/hardware_irq/irq.c.obj
                0x10000c88                irq_is_enabled
 .text.irq_set_mask_enabled
                0x10000ca0       0x20 CMakeFiles/chord.dir/C_/Program_Files/Raspberry_Pi/Pico_SDK_v1.5.0/pico-sdk/src/rp2_common/hardware_irq/irq.c.obj
                0x10000ca0                irq_set_mask_enabled
 .text.irq_set_enabled
                0x10000cc0        0xe CMakeFiles/chord.dir/C_/Program_Files/Raspberry_Pi/Pico_SDK_v1.5.0/pico-sdk/src/rp2_common/hardware_irq/irq.c.obj
                0x10000cc0                irq_set_enabled
 *fill*         0x10000cce        0x2 
 .text.irq_get_vtable_handler
                0x10000cd0       0x10 CMakeFiles/chord.dir/C_/Program_Files/Raspberry_Pi/Pico_SDK_v1.5.0/pico-sdk/src/rp2_common/hardware_irq/irq.c.obj
                0x10000cd0                irq_get_vtable_handler
 .text.irq_set_exclusive_handler
                0x10000ce0       0x54 CMakeFiles/chord.dir/C_/Program_Files/Raspberry_Pi/Pico_SDK_v1.5.0/pico-sdk/src/rp2_common/hardware_irq/irq.c.obj
                0x10000ce0                irq_set_exclusive_handler
 .text.irq_add_shared_handler
                0x10000d34      0x234 CMakeFiles/chord.dir/C_/Program_Files/Raspberry_Pi/Pico_SDK_v1.5.0/pico-sdk/src/rp2_common/hardware_irq/irq.c.obj
                0x10000d34                irq_add_shared_handler
 .text.irq_remove_handler
                0x10000f68      0x1ac CMakeFiles/chord.dir/C_/Program_Files/Raspberry_Pi/Pico_SDK_v1.5.0/pico-sdk/src/rp2_common/hardware_irq/irq.c.obj
                0x10000f68                irq_remove_handler
 .text.irq_add_tail_to_free_list
                0x10001114       0xf0 CMakeFiles/chord.dir/C_/Program_Files/Raspberry_Pi/Pico_SDK_v1.5.0/pico-sdk/src/rp2_common/hardware_irq/irq.c.obj
                0x10001114                irq_add_tail_to_free_list
 .text.irq_init_priorities
                0x10001204       0x1c CMakeFiles/chord.dir/C_/Program_Files/Raspberry_Pi/Pico_SDK_v1.5.0/pico-sdk/src/rp2_common/hardware_irq/irq.c.obj
                0x10001204                irq_init_priorities
 .text.lock_init
                0x10001220       0x10 CMakeFiles/chord.dir/C_/Program_Files/Raspberry_Pi/Pico_SDK_v1.5.0/pico-sdk/src/common/pico_sync/lock_core.c.obj
                0x10001220                lock_init
 .text.mutex_init
                0x10001230       0x1a CMakeFiles/chord.dir/C_/Program_Files/Raspberry_Pi/Pico_SDK_v1.5.0/pico-sdk/src/common/pico_sync/mutex.c.obj
                0x10001230                mutex_init
 .text.recursive_mutex_init
                0x1000124a       0x1e CMakeFiles/chord.dir/C_/Program_Files/Raspberry_Pi/Pico_SDK_v1.5.0/pico-sdk/src/common/pico_sync/mutex.c.obj
                0x1000124a                recursive_mutex_init
 .text.critical_section_init_with_lock_num
                0x10001268       0x14 CMakeFiles/chord.dir/C_/Program_Files/Raspberry_Pi/Pico_SDK_v1.5.0/pico-sdk/src/common/pico_sync/critical_section.c.obj
                0x10001268                critical_section_init_with_lock_num
 .text.critical_section_init
                0x1000127c       0x14 CMakeFiles/chord.dir/C_/Program_Files/Raspberry_Pi/Pico_SDK_v1.5.0/pico-sdk/src/common/pico_sync/critical_section.c.obj
                0x1000127c                critical_section_init
 .text.alarm_pool_post_alloc_init
                0x10001290       0x40 CMakeFiles/chord.dir/C_/Program_Files/Raspberry_Pi/Pico_SDK_v1.5.0/pico-sdk/src/common/pico_time/time.c.obj
 .text.sleep_until_callback
                0x100012d0       0x30 CMakeFiles/chord.dir/C_/Program_Files/Raspberry_Pi/Pico_SDK_v1.5.0/pico-sdk/src/common/pico_time/time.c.obj
 .text.timer_pool_entry_comparator
                0x10001300       0x7c CMakeFiles/chord.dir/C_/Program_Files/Raspberry_Pi/Pico_SDK_v1.5.0/pico-sdk/src/common/pico_time/time.c.obj
                0x10001300                timer_pool_entry_comparator
 .text.ph_add_child_node
                0x1000137c       0xa4 CMakeFiles/chord.dir/C_/Program_Files/Raspberry_Pi/Pico_SDK_v1.5.0/pico-sdk/src/common/pico_time/time.c.obj
 .text.ph_merge_nodes
                0x10001420       0x3e CMakeFiles/chord.dir/C_/Program_Files/Raspberry_Pi/Pico_SDK_v1.5.0/pico-sdk/src/common/pico_time/time.c.obj
 *fill*         0x1000145e        0x2 
 .text.add_alarm_under_lock
                0x10001460      0x174 CMakeFiles/chord.dir/C_/Program_Files/Raspberry_Pi/Pico_SDK_v1.5.0/pico-sdk/src/common/pico_time/time.c.obj
 .text.alarm_pool_alarm_callback
                0x100015d4      0x33c CMakeFiles/chord.dir/C_/Program_Files/Raspberry_Pi/Pico_SDK_v1.5.0/pico-sdk/src/common/pico_time/time.c.obj
 .text.alarm_pool_init_default
                0x10001910       0x40 CMakeFiles/chord.dir/C_/Program_Files/Raspberry_Pi/Pico_SDK_v1.5.0/pico-sdk/src/common/pico_time/time.c.obj
                0x10001910                alarm_pool_init_default
 .text.alarm_pool_get_default
                0x10001950       0x2c CMakeFiles/chord.dir/C_/Program_Files/Raspberry_Pi/Pico_SDK_v1.5.0/pico-sdk/src/common/pico_time/time.c.obj
                0x10001950                alarm_pool_get_default
 .text.alarm_pool_add_alarm_at
                0x1000197c      0x168 CMakeFiles/chord.dir/C_/Program_Files/Raspberry_Pi/Pico_SDK_v1.5.0/pico-sdk/src/common/pico_time/time.c.obj
                0x1000197c                alarm_pool_add_alarm_at
 .text.alarm_pool_cancel_alarm
                0x10001ae4       0xf0 CMakeFiles/chord.dir/C_/Program_Files/Raspberry_Pi/Pico_SDK_v1.5.0/pico-sdk/src/common/pico_time/time.c.obj
                0x10001ae4                alarm_pool_cancel_alarm
 .text.sleep_until
                0x10001bd4       0xfc CMakeFiles/chord.dir/C_/Program_Files/Raspberry_Pi/Pico_SDK_v1.5.0/pico-sdk/src/common/pico_time/time.c.obj
                0x10001bd4                sleep_until
 .text.sleep_us
                0x10001cd0       0x58 CMakeFiles/chord.dir/C_/Program_Files/Raspberry_Pi/Pico_SDK_v1.5.0/pico-sdk/src/common/pico_time/time.c.obj
                0x10001cd0                sleep_us
 .text.best_effort_wfe_or_timeout
                0x10001d28       0xac CMakeFiles/chord.dir/C_/Program_Files/Raspberry_Pi/Pico_SDK_v1.5.0/pico-sdk/src/common/pico_time/time.c.obj
                0x10001d28                best_effort_wfe_or_timeout
 .text.hardware_alarm_irq_handler
                0x10001dd4       0x90 CMakeFiles/chord.dir/C_/Program_Files/Raspberry_Pi/Pico_SDK_v1.5.0/pico-sdk/src/rp2_common/hardware_timer/timer.c.obj
 .text.hardware_alarm_claim
                0x10001e64       0x18 CMakeFiles/chord.dir/C_/Program_Files/Raspberry_Pi/Pico_SDK_v1.5.0/pico-sdk/src/rp2_common/hardware_timer/timer.c.obj
                0x10001e64                hardware_alarm_claim
 .text.time_us_64
                0x10001e7c       0x18 CMakeFiles/chord.dir/C_/Program_Files/Raspberry_Pi/Pico_SDK_v1.5.0/pico-sdk/src/rp2_common/hardware_timer/timer.c.obj
                0x10001e7c                time_us_64
 .text.busy_wait_until
                0x10001e94       0x28 CMakeFiles/chord.dir/C_/Program_Files/Raspberry_Pi/Pico_SDK_v1.5.0/pico-sdk/src/rp2_common/hardware_timer/timer.c.obj
                0x10001e94                busy_wait_until
 .text.hardware_alarm_set_callback
                0x10001ebc       0x90 CMakeFiles/chord.dir/C_/Program_Files/Raspberry_Pi/Pico_SDK_v1.5.0/pico-sdk/src/rp2_common/hardware_timer/timer.c.obj
                0x10001ebc                hardware_alarm_set_callback
 .text.hardware_alarm_set_target
                0x10001f4c       0xe8 CMakeFiles/chord.dir/C_/Program_Files/Raspberry_Pi/Pico_SDK_v1.5.0/pico-sdk/src/rp2_common/hardware_timer/timer.c.obj
                0x10001f4c                hardware_alarm_set_target
 .text.hardware_alarm_cancel
                0x10002034       0x40 CMakeFiles/chord.dir/C_/Program_Files/Raspberry_Pi/Pico_SDK_v1.5.0/pico-sdk/src/rp2_common/hardware_timer/timer.c.obj
                0x10002034                hardware_alarm_cancel
 .text.ph_add_child_node
                0x10002074       0xa4 CMakeFiles/chord.dir/C_/Program_Files/Raspberry_Pi/Pico_SDK_v1.5.0/pico-sdk/src/common/pico_util/pheap.c.obj
 .text.ph_merge_nodes
                0x10002118       0x3e CMakeFiles/chord.dir/C_/Program_Files/Raspberry_Pi/Pico_SDK_v1.5.0/pico-sdk/src/common/pico_util/pheap.c.obj
 *fill*         0x10002156        0x2 
 .text.ph_clear
                0x10002158       0x70 CMakeFiles/chord.dir/C_/Program_Files/Raspberry_Pi/Pico_SDK_v1.5.0/pico-sdk/src/common/pico_util/pheap.c.obj
                0x10002158                ph_clear
 .text.ph_post_alloc_init
                0x100021c8        0xe CMakeFiles/chord.dir/C_/Program_Files/Raspberry_Pi/Pico_SDK_v1.5.0/pico-sdk/src/common/pico_util/pheap.c.obj
                0x100021c8                ph_post_alloc_init
 *fill*         0x100021d6        0x2 
 .text.ph_merge_two_pass
                0x100021d8       0xa8 CMakeFiles/chord.dir/C_/Program_Files/Raspberry_Pi/Pico_SDK_v1.5.0/pico-sdk/src/common/pico_util/pheap.c.obj
                0x100021d8                ph_merge_two_pass
 .text.ph_remove_any_head
                0x10002280      0x128 CMakeFiles/chord.dir/C_/Program_Files/Raspberry_Pi/Pico_SDK_v1.5.0/pico-sdk/src/common/pico_util/pheap.c.obj
 .text.ph_remove_head
                0x100023a8       0x14 CMakeFiles/chord.dir/C_/Program_Files/Raspberry_Pi/Pico_SDK_v1.5.0/pico-sdk/src/common/pico_util/pheap.c.obj
                0x100023a8                ph_remove_head
 .text.ph_remove_and_free_node
                0x100023bc       0xf8 CMakeFiles/chord.dir/C_/Program_Files/Raspberry_Pi/Pico_SDK_v1.5.0/pico-sdk/src/common/pico_util/pheap.c.obj
                0x100023bc                ph_remove_and_free_node
 .text.uart_set_baudrate
                0x100024b4       0x5c CMakeFiles/chord.dir/C_/Program_Files/Raspberry_Pi/Pico_SDK_v1.5.0/pico-sdk/src/rp2_common/hardware_uart/uart.c.obj
                0x100024b4                uart_set_baudrate
 .text.uart_set_translate_crlf
                0x10002510       0x28 CMakeFiles/chord.dir/C_/Program_Files/Raspberry_Pi/Pico_SDK_v1.5.0/pico-sdk/src/rp2_common/hardware_uart/uart.c.obj
                0x10002510                uart_set_translate_crlf
 .text.uart_init
                0x10002538       0x80 CMakeFiles/chord.dir/C_/Program_Files/Raspberry_Pi/Pico_SDK_v1.5.0/pico-sdk/src/rp2_common/hardware_uart/uart.c.obj
                0x10002538                uart_init
 .text.clock_configure
                0x100025b8      0x104 CMakeFiles/chord.dir/C_/Program_Files/Raspberry_Pi/Pico_SDK_v1.5.0/pico-sdk/src/rp2_common/hardware_clocks/clocks.c.obj
                0x100025b8                clock_configure
 .text.clocks_init
                0x100026bc      0x100 CMakeFiles/chord.dir/C_/Program_Files/Raspberry_Pi/Pico_SDK_v1.5.0/pico-sdk/src/rp2_common/hardware_clocks/clocks.c.obj
                0x100026bc                clocks_init
 .text.clock_get_hz
                0x100027bc        0xc CMakeFiles/chord.dir/C_/Program_Files/Raspberry_Pi/Pico_SDK_v1.5.0/pico-sdk/src/rp2_common/hardware_clocks/clocks.c.obj
                0x100027bc                clock_get_hz
 .text.pll_init
                0x100027c8      0x12c CMakeFiles/chord.dir/C_/Program_Files/Raspberry_Pi/Pico_SDK_v1.5.0/pico-sdk/src/rp2_common/hardware_pll/pll.c.obj
                0x100027c8                pll_init
 .text.watchdog_start_tick
                0x100028f4       0x10 CMakeFiles/chord.dir/C_/Program_Files/Raspberry_Pi/Pico_SDK_v1.5.0/pico-sdk/src/rp2_common/hardware_watchdog/watchdog.c.obj
                0x100028f4                watchdog_start_tick
 .text.xosc_init
                0x10002904       0x28 CMakeFiles/chord.dir/C_/Program_Files/Raspberry_Pi/Pico_SDK_v1.5.0/pico-sdk/src/rp2_common/hardware_xosc/xosc.c.obj
                0x10002904                xosc_init
 .text._exit    0x1000292c        0x4 CMakeFiles/chord.dir/C_/Program_Files/Raspberry_Pi/Pico_SDK_v1.5.0/pico-sdk/src/rp2_common/pico_runtime/runtime.c.obj
                0x1000292c                _exit
 .text.exit     0x10002930        0x6 CMakeFiles/chord.dir/C_/Program_Files/Raspberry_Pi/Pico_SDK_v1.5.0/pico-sdk/src/rp2_common/pico_runtime/runtime.c.obj
                0x10002930                exit
 *fill*         0x10002936        0x2 
 .text.__assert_func
                0x10002938       0x3c CMakeFiles/chord.dir/C_/Program_Files/Raspberry_Pi/Pico_SDK_v1.5.0/pico-sdk/src/rp2_common/pico_runtime/runtime.c.obj
                0x10002938                __assert_func
 .text.runtime_init
                0x10002974       0xf8 CMakeFiles/chord.dir/C_/Program_Files/Raspberry_Pi/Pico_SDK_v1.5.0/pico-sdk/src/rp2_common/pico_runtime/runtime.c.obj
                0x10002974                runtime_init
 .text.panic    0x10002a6c       0x30 CMakeFiles/chord.dir/C_/Program_Files/Raspberry_Pi/Pico_SDK_v1.5.0/pico-sdk/src/rp2_common/pico_runtime/runtime.c.obj
                0x10002a6c                panic
 .text._out_null
                0x10002a9c        0x2 CMakeFiles/chord.dir/C_/Program_Files/Raspberry_Pi/Pico_SDK_v1.5.0/pico-sdk/src/rp2_common/pico_printf/printf.c.obj
 .text._out_fct
                0x10002a9e        0xe CMakeFiles/chord.dir/C_/Program_Files/Raspberry_Pi/Pico_SDK_v1.5.0/pico-sdk/src/rp2_common/pico_printf/printf.c.obj
 .text._atoi    0x10002aac       0x24 CMakeFiles/chord.dir/C_/Program_Files/Raspberry_Pi/Pico_SDK_v1.5.0/pico-sdk/src/rp2_common/pico_printf/printf.c.obj
 .text._out_rev
                0x10002ad0       0xae CMakeFiles/chord.dir/C_/Program_Files/Raspberry_Pi/Pico_SDK_v1.5.0/pico-sdk/src/rp2_common/pico_printf/printf.c.obj
 .text._ntoa_format
                0x10002b7e      0x112 CMakeFiles/chord.dir/C_/Program_Files/Raspberry_Pi/Pico_SDK_v1.5.0/pico-sdk/src/rp2_common/pico_printf/printf.c.obj
 .text._ntoa_long
                0x10002c90       0xbc CMakeFiles/chord.dir/C_/Program_Files/Raspberry_Pi/Pico_SDK_v1.5.0/pico-sdk/src/rp2_common/pico_printf/printf.c.obj
 .text._ntoa_long_long
                0x10002d4c       0xe2 CMakeFiles/chord.dir/C_/Program_Files/Raspberry_Pi/Pico_SDK_v1.5.0/pico-sdk/src/rp2_common/pico_printf/printf.c.obj
 *fill*         0x10002e2e        0x2 
 .text._etoa    0x10002e30      0x414 CMakeFiles/chord.dir/C_/Program_Files/Raspberry_Pi/Pico_SDK_v1.5.0/pico-sdk/src/rp2_common/pico_printf/printf.c.obj
 .text._ftoa    0x10003244      0x354 CMakeFiles/chord.dir/C_/Program_Files/Raspberry_Pi/Pico_SDK_v1.5.0/pico-sdk/src/rp2_common/pico_printf/printf.c.obj
 .text._vsnprintf
                0x10003598      0x624 CMakeFiles/chord.dir/C_/Program_Files/Raspberry_Pi/Pico_SDK_v1.5.0/pico-sdk/src/rp2_common/pico_printf/printf.c.obj
 .text.vfctprintf
                0x10003bbc       0x20 CMakeFiles/chord.dir/C_/Program_Files/Raspberry_Pi/Pico_SDK_v1.5.0/pico-sdk/src/rp2_common/pico_printf/printf.c.obj
                0x10003bbc                vfctprintf
 .text          0x10003bdc       0x10 CMakeFiles/chord.dir/C_/Program_Files/Raspberry_Pi/Pico_SDK_v1.5.0/pico-sdk/src/rp2_common/pico_bit_ops/bit_ops_aeabi.S.obj
 .text.rom_func_lookup
                0x10003bec       0x10 CMakeFiles/chord.dir/C_/Program_Files/Raspberry_Pi/Pico_SDK_v1.5.0/pico-sdk/src/rp2_common/pico_bootrom/bootrom.c.obj
                0x10003bec                rom_func_lookup
 .text.rom_data_lookup
                0x10003bfc       0x10 CMakeFiles/chord.dir/C_/Program_Files/Raspberry_Pi/Pico_SDK_v1.5.0/pico-sdk/src/rp2_common/pico_bootrom/bootrom.c.obj
                0x10003bfc                rom_data_lookup
 .text.rom_funcs_lookup
                0x10003c0c       0x36 CMakeFiles/chord.dir/C_/Program_Files/Raspberry_Pi/Pico_SDK_v1.5.0/pico-sdk/src/rp2_common/pico_bootrom/bootrom.c.obj
                0x10003c0c                rom_funcs_lookup
 *fill*         0x10003c42        0x2 
 .text.__wrap___aeabi_idiv
                0x10003c44       0x50 CMakeFiles/chord.dir/C_/Program_Files/Raspberry_Pi/Pico_SDK_v1.5.0/pico-sdk/src/rp2_common/pico_divider/divider.S.obj
                0x10003c44                __wrap___aeabi_idivmod
                0x10003c44                divmod_s32s32
                0x10003c44                div_s32s32
                0x10003c44                __wrap___aeabi_idiv
                0x10003c4c                divmod_s32s32_unsafe
                0x10003c78                divmod_s32s32_savestate
 .text.__wrap___aeabi_uidiv
                0x10003c94       0x4c CMakeFiles/chord.dir/C_/Program_Files/Raspberry_Pi/Pico_SDK_v1.5.0/pico-sdk/src/rp2_common/pico_divider/divider.S.obj
                0x10003c94                __wrap___aeabi_uidiv
                0x10003c94                __wrap___aeabi_uidivmod
                0x10003c94                div_u32u32
                0x10003c94                divmod_u32u32
                0x10003c9c                divmod_u32u32_unsafe
                0x10003cc4                divmod_u32u32_savestate
 .text.__wrap___aeabi_ldiv
                0x10003ce0      0x424 CMakeFiles/chord.dir/C_/Program_Files/Raspberry_Pi/Pico_SDK_v1.5.0/pico-sdk/src/rp2_common/pico_divider/divider.S.obj
                0x10003ce0                div_s64s64
                0x10003ce0                divmod_s64s64
                0x10003ce0                __wrap___aeabi_ldivmod
                0x10003d10                divmod_u64u64
                0x10003d10                div_u64u64
                0x10003d10                __wrap___aeabi_uldivmod
                0x10003d20                divmod_u64u64_savestate
                0x10003d40                divmod_s64s64_unsafe
                0x10003dc8                divmod_u64u64_unsafe
 .text.__wrap___aeabi_darithmetic
                0x10004104       0x80 CMakeFiles/chord.dir/C_/Program_Files/Raspberry_Pi/Pico_SDK_v1.5.0/pico-sdk/src/rp2_common/pico_double/double_aeabi.S.obj
                0x10004104                __wrap___aeabi_drsub
                0x1000410a                __wrap___aeabi_dsub
                0x1000411c                __wrap___aeabi_dadd
                0x1000412e                __wrap___aeabi_ddiv
                0x1000416a                __wrap___aeabi_dmul
 .text.__wrap___aeabi_cdcmple
                0x10004184       0x6c CMakeFiles/chord.dir/C_/Program_Files/Raspberry_Pi/Pico_SDK_v1.5.0/pico-sdk/src/rp2_common/pico_double/double_aeabi.S.obj
                0x10004184                __wrap___aeabi_cdrcmple
                0x10004194                __wrap___aeabi_cdcmpeq
                0x10004194                __wrap___aeabi_cdcmple
 .text.__wrap___aeabi_dcmplt
                0x100041f0        0xc CMakeFiles/chord.dir/C_/Program_Files/Raspberry_Pi/Pico_SDK_v1.5.0/pico-sdk/src/rp2_common/pico_double/double_aeabi.S.obj
                0x100041f0                __wrap___aeabi_dcmplt
 .text.__wrap___aeabi_dcmple
                0x100041fc       0x10 CMakeFiles/chord.dir/C_/Program_Files/Raspberry_Pi/Pico_SDK_v1.5.0/pico-sdk/src/rp2_common/pico_double/double_aeabi.S.obj
                0x100041fc                __wrap___aeabi_dcmple
 .text.__wrap___aeabi_dcmpge
                0x1000420c       0x10 CMakeFiles/chord.dir/C_/Program_Files/Raspberry_Pi/Pico_SDK_v1.5.0/pico-sdk/src/rp2_common/pico_double/double_aeabi.S.obj
                0x1000420c                __wrap___aeabi_dcmpge
 .text.__wrap___aeabi_dcmpgt
                0x1000421c        0xa CMakeFiles/chord.dir/C_/Program_Files/Raspberry_Pi/Pico_SDK_v1.5.0/pico-sdk/src/rp2_common/pico_double/double_aeabi.S.obj
                0x1000421c                __wrap___aeabi_dcmpgt
 .text.__wrap___aeabi_dcmpun
                0x10004226       0x1c CMakeFiles/chord.dir/C_/Program_Files/Raspberry_Pi/Pico_SDK_v1.5.0/pico-sdk/src/rp2_common/pico_double/double_aeabi.S.obj
                0x10004226                __wrap___aeabi_dcmpun
 *fill*         0x10004242        0x2 
 .text.__wrap___aeabi_i2d
                0x10004244       0x38 CMakeFiles/chord.dir/C_/Program_Files/Raspberry_Pi/Pico_SDK_v1.5.0/pico-sdk/src/rp2_common/pico_double/double_aeabi.S.obj
                0x10004244                __wrap___aeabi_ui2d
                0x1000424c                __wrap___aeabi_i2d
 .text.__wrap___aeabi_d2iz
                0x1000427c       0x48 CMakeFiles/chord.dir/C_/Program_Files/Raspberry_Pi/Pico_SDK_v1.5.0/pico-sdk/src/rp2_common/pico_double/double_aeabi.S.obj
                0x1000427c                double2int_z
                0x1000427c                __wrap___aeabi_d2iz
 .text.__wrap___aeabi_d2uiz
                0x100042c4       0x18 CMakeFiles/chord.dir/C_/Program_Files/Raspberry_Pi/Pico_SDK_v1.5.0/pico-sdk/src/rp2_common/pico_double/double_aeabi.S.obj
                0x100042c4                __wrap___aeabi_d2uiz
                0x100042c4                double2uint
 .text.__aeabi_double_init
                0x100042dc       0xc8 CMakeFiles/chord.dir/C_/Program_Files/Raspberry_Pi/Pico_SDK_v1.5.0/pico-sdk/src/rp2_common/pico_double/double_init_rom.c.obj
                0x100042dc                __aeabi_double_init
 .text.double_table_shim_on_use_helper
                0x100043a4       0x34 CMakeFiles/chord.dir/C_/Program_Files/Raspberry_Pi/Pico_SDK_v1.5.0/pico-sdk/src/rp2_common/pico_double/double_v1_rom_shim.S.obj
                0x100043a4                double_table_shim_on_use_helper
 .text.__wrap___aeabi_dsub
                0x100043d8       0x10 CMakeFiles/chord.dir/C_/Program_Files/Raspberry_Pi/Pico_SDK_v1.5.0/pico-sdk/src/rp2_common/pico_double/double_v1_rom_shim.S.obj
                0x100043d8                drsub_shim
                0x100043de                dsub_shim
 .text.dadd_shim
                0x100043e8      0x15c CMakeFiles/chord.dir/C_/Program_Files/Raspberry_Pi/Pico_SDK_v1.5.0/pico-sdk/src/rp2_common/pico_double/double_v1_rom_shim.S.obj
                0x100043e8                dadd_shim
 .text.dmul_shim
                0x10004544      0x15c CMakeFiles/chord.dir/C_/Program_Files/Raspberry_Pi/Pico_SDK_v1.5.0/pico-sdk/src/rp2_common/pico_double/double_v1_rom_shim.S.obj
                0x10004544                dmul_shim
 .text.ddiv_shim
                0x100046a0      0x1b0 CMakeFiles/chord.dir/C_/Program_Files/Raspberry_Pi/Pico_SDK_v1.5.0/pico-sdk/src/rp2_common/pico_double/double_v1_rom_shim.S.obj
                0x100046a0                ddiv_shim
 .text.double2uint_shim
                0x10004850        0xe CMakeFiles/chord.dir/C_/Program_Files/Raspberry_Pi/Pico_SDK_v1.5.0/pico-sdk/src/rp2_common/pico_double/double_v1_rom_shim.S.obj
                0x10004850                double2uint_shim
                0x10004852                double2ufix_shim
 *fill*         0x1000485e        0x2 
 .text.double2uint64_shim
                0x10004860       0x70 CMakeFiles/chord.dir/C_/Program_Files/Raspberry_Pi/Pico_SDK_v1.5.0/pico-sdk/src/rp2_common/pico_double/double_v1_rom_shim.S.obj
                0x10004860                double2uint64_shim
                0x10004862                double2ufix64_shim
                0x10004882                d2fix_a
 .text.dunpacks
                0x100048d0       0x3c CMakeFiles/chord.dir/C_/Program_Files/Raspberry_Pi/Pico_SDK_v1.5.0/pico-sdk/src/rp2_common/pico_double/double_v1_rom_shim.S.obj
                0x100048d0                dunpacks
 .text.__aeabi_lmul
                0x1000490c       0x32 CMakeFiles/chord.dir/C_/Program_Files/Raspberry_Pi/Pico_SDK_v1.5.0/pico-sdk/src/rp2_common/pico_int64_ops/pico_int64_ops_aeabi.S.obj
                0x1000490c                __wrap___aeabi_lmul
 *fill*         0x1000493e        0x2 
 .text.__aeabi_float_init
                0x10004940       0xfc CMakeFiles/chord.dir/C_/Program_Files/Raspberry_Pi/Pico_SDK_v1.5.0/pico-sdk/src/rp2_common/pico_float/float_init_rom.c.obj
                0x10004940                __aeabi_float_init
 .text.float_table_shim_on_use_helper
                0x10004a3c       0x34 CMakeFiles/chord.dir/C_/Program_Files/Raspberry_Pi/Pico_SDK_v1.5.0/pico-sdk/src/rp2_common/pico_float/float_v1_rom_shim.S.obj
                0x10004a3c                float_table_shim_on_use_helper
 .text          0x10004a70       0x10 CMakeFiles/chord.dir/C_/Program_Files/Raspberry_Pi/Pico_SDK_v1.5.0/pico-sdk/src/rp2_common/pico_mem_ops/mem_ops_aeabi.S.obj
                0x10004a70                __aeabi_mem_init
 .text.memset   0x10004a80        0xc CMakeFiles/chord.dir/C_/Program_Files/Raspberry_Pi/Pico_SDK_v1.5.0/pico-sdk/src/rp2_common/pico_mem_ops/mem_ops_aeabi.S.obj
                0x10004a80                __wrap_memset
 .text.memcpy   0x10004a8c        0xc CMakeFiles/chord.dir/C_/Program_Files/Raspberry_Pi/Pico_SDK_v1.5.0/pico-sdk/src/rp2_common/pico_mem_ops/mem_ops_aeabi.S.obj
                0x10004a8c                __wrap_memcpy
                0x10004a8c                __wrap___aeabi_memcpy
 .text.stdio_out_chars_no_crlf
                0x10004a98        0xe CMakeFiles/chord.dir/C_/Program_Files/Raspberry_Pi/Pico_SDK_v1.5.0/pico-sdk/src/rp2_common/pico_stdio/stdio.c.obj
 *fill*         0x10004aa6        0x2 
 .text.stdio_out_chars_crlf
                0x10004aa8       0x80 CMakeFiles/chord.dir/C_/Program_Files/Raspberry_Pi/Pico_SDK_v1.5.0/pico-sdk/src/rp2_common/pico_stdio/stdio.c.obj
 .text.stdio_stack_buffer_flush
                0x10004b28       0x44 CMakeFiles/chord.dir/C_/Program_Files/Raspberry_Pi/Pico_SDK_v1.5.0/pico-sdk/src/rp2_common/pico_stdio/stdio.c.obj
 .text.stdio_buffered_printer
                0x10004b6c       0x20 CMakeFiles/chord.dir/C_/Program_Files/Raspberry_Pi/Pico_SDK_v1.5.0/pico-sdk/src/rp2_common/pico_stdio/stdio.c.obj
 .text.stdout_serialize_begin
                0x10004b8c       0x5c CMakeFiles/chord.dir/C_/Program_Files/Raspberry_Pi/Pico_SDK_v1.5.0/pico-sdk/src/rp2_common/pico_stdio/stdio.c.obj
                0x10004b8c                stdout_serialize_begin
 .text.stdout_serialize_end
                0x10004be8       0x10 CMakeFiles/chord.dir/C_/Program_Files/Raspberry_Pi/Pico_SDK_v1.5.0/pico-sdk/src/rp2_common/pico_stdio/stdio.c.obj
                0x10004be8                stdout_serialize_end
 .text.stdio_put_string
                0x10004bf8       0x98 CMakeFiles/chord.dir/C_/Program_Files/Raspberry_Pi/Pico_SDK_v1.5.0/pico-sdk/src/rp2_common/pico_stdio/stdio.c.obj
 .text.stdio_set_driver_enabled
                0x10004c90       0x2c CMakeFiles/chord.dir/C_/Program_Files/Raspberry_Pi/Pico_SDK_v1.5.0/pico-sdk/src/rp2_common/pico_stdio/stdio.c.obj
                0x10004c90                stdio_set_driver_enabled
 .text.stdio_flush
                0x10004cbc       0x20 CMakeFiles/chord.dir/C_/Program_Files/Raspberry_Pi/Pico_SDK_v1.5.0/pico-sdk/src/rp2_common/pico_stdio/stdio.c.obj
                0x10004cbc                stdio_flush
 .text.__wrap_puts
                0x10004cdc       0x1e CMakeFiles/chord.dir/C_/Program_Files/Raspberry_Pi/Pico_SDK_v1.5.0/pico-sdk/src/rp2_common/pico_stdio/stdio.c.obj
                0x10004cdc                __wrap_puts
 *fill*         0x10004cfa        0x2 
 .text.__wrap_vprintf
                0x10004cfc       0x40 CMakeFiles/chord.dir/C_/Program_Files/Raspberry_Pi/Pico_SDK_v1.5.0/pico-sdk/src/rp2_common/pico_stdio/stdio.c.obj
                0x10004cfc                __wrap_vprintf
 .text.__wrap_printf
                0x10004d3c       0x18 CMakeFiles/chord.dir/C_/Program_Files/Raspberry_Pi/Pico_SDK_v1.5.0/pico-sdk/src/rp2_common/pico_stdio/stdio.c.obj
                0x10004d3c                __wrap_printf
 .text.stdio_uart_out_chars
                0x10004d54       0x74 CMakeFiles/chord.dir/C_/Program_Files/Raspberry_Pi/Pico_SDK_v1.5.0/pico-sdk/src/rp2_common/pico_stdio_uart/stdio_uart.c.obj
 .text.stdio_uart_in_chars
                0x10004dc8       0x80 CMakeFiles/chord.dir/C_/Program_Files/Raspberry_Pi/Pico_SDK_v1.5.0/pico-sdk/src/rp2_common/pico_stdio_uart/stdio_uart.c.obj
                0x10004dc8                stdio_uart_in_chars
 .text.on_uart_rx
                0x10004e48       0x28 CMakeFiles/chord.dir/C_/Program_Files/Raspberry_Pi/Pico_SDK_v1.5.0/pico-sdk/src/rp2_common/pico_stdio_uart/stdio_uart.c.obj
 .text.stdio_uart_set_chars_available_callback
                0x10004e70       0x8c CMakeFiles/chord.dir/C_/Program_Files/Raspberry_Pi/Pico_SDK_v1.5.0/pico-sdk/src/rp2_common/pico_stdio_uart/stdio_uart.c.obj
 .text.stdio_uart_init_full
                0x10004efc       0x44 CMakeFiles/chord.dir/C_/Program_Files/Raspberry_Pi/Pico_SDK_v1.5.0/pico-sdk/src/rp2_common/pico_stdio_uart/stdio_uart.c.obj
                0x10004efc                stdio_uart_init_full
 .text.mpr121_write
                0x10004f40       0x1e CMakeFiles/chord.dir/C_/Users/joelm/Documents/Pico-v1.5.0/libraries/pico-mpr121/lib/mpr121.c.obj
 .text.mpr121_init
                0x10004f5e      0x108 CMakeFiles/chord.dir/C_/Users/joelm/Documents/Pico-v1.5.0/libraries/pico-mpr121/lib/mpr121.c.obj
                0x10004f5e                mpr121_init
 .text.i2c_write_blocking_internal
                0x10005066      0x140 CMakeFiles/chord.dir/C_/Program_Files/Raspberry_Pi/Pico_SDK_v1.5.0/pico-sdk/src/rp2_common/hardware_i2c/i2c.c.obj
 .text.i2c_read_blocking_internal
                0x100051a6       0xe6 CMakeFiles/chord.dir/C_/Program_Files/Raspberry_Pi/Pico_SDK_v1.5.0/pico-sdk/src/rp2_common/hardware_i2c/i2c.c.obj
 .text.i2c_set_baudrate
                0x1000528c       0xf0 CMakeFiles/chord.dir/C_/Program_Files/Raspberry_Pi/Pico_SDK_v1.5.0/pico-sdk/src/rp2_common/hardware_i2c/i2c.c.obj
                0x1000528c                i2c_set_baudrate
 .text.i2c_init
                0x1000537c       0x58 CMakeFiles/chord.dir/C_/Program_Files/Raspberry_Pi/Pico_SDK_v1.5.0/pico-sdk/src/rp2_common/hardware_i2c/i2c.c.obj
                0x1000537c                i2c_init
 .text.i2c_write_blocking
                0x100053d4       0x18 CMakeFiles/chord.dir/C_/Program_Files/Raspberry_Pi/Pico_SDK_v1.5.0/pico-sdk/src/rp2_common/hardware_i2c/i2c.c.obj
                0x100053d4                i2c_write_blocking
 .text.i2c_read_blocking
                0x100053ec       0x18 CMakeFiles/chord.dir/C_/Program_Files/Raspberry_Pi/Pico_SDK_v1.5.0/pico-sdk/src/rp2_common/hardware_i2c/i2c.c.obj
                0x100053ec                i2c_read_blocking
 .text.hw_endpoint_get_by_addr
                0x10005404       0x18 CMakeFiles/chord.dir/C_/Program_Files/Raspberry_Pi/Pico_SDK_v1.5.0/pico-sdk/lib/tinyusb/src/portable/raspberrypi/rp2040/dcd_rp2040.c.obj
 .text._hw_endpoint_alloc
                0x1000541c       0x70 CMakeFiles/chord.dir/C_/Program_Files/Raspberry_Pi/Pico_SDK_v1.5.0/pico-sdk/lib/tinyusb/src/portable/raspberrypi/rp2040/dcd_rp2040.c.obj
 .text.hw_endpoint_init
                0x1000548c       0x88 CMakeFiles/chord.dir/C_/Program_Files/Raspberry_Pi/Pico_SDK_v1.5.0/pico-sdk/lib/tinyusb/src/portable/raspberrypi/rp2040/dcd_rp2040.c.obj
 .text.hw_endpoint_xfer
                0x10005514       0x14 CMakeFiles/chord.dir/C_/Program_Files/Raspberry_Pi/Pico_SDK_v1.5.0/pico-sdk/lib/tinyusb/src/portable/raspberrypi/rp2040/dcd_rp2040.c.obj
 .text.dcd_int_enable
                0x10005528       0x2c CMakeFiles/chord.dir/C_/Program_Files/Raspberry_Pi/Pico_SDK_v1.5.0/pico-sdk/lib/tinyusb/src/portable/raspberrypi/rp2040/dcd_rp2040.c.obj
                0x10005528                dcd_int_enable
 .text.dcd_set_address
                0x10005554       0x2c CMakeFiles/chord.dir/C_/Program_Files/Raspberry_Pi/Pico_SDK_v1.5.0/pico-sdk/lib/tinyusb/src/portable/raspberrypi/rp2040/dcd_rp2040.c.obj
                0x10005554                dcd_set_address
 .text.dcd_connect
                0x10005580       0x10 CMakeFiles/chord.dir/C_/Program_Files/Raspberry_Pi/Pico_SDK_v1.5.0/pico-sdk/lib/tinyusb/src/portable/raspberrypi/rp2040/dcd_rp2040.c.obj
                0x10005580                dcd_connect
 .text.dcd_init
                0x10005590       0x80 CMakeFiles/chord.dir/C_/Program_Files/Raspberry_Pi/Pico_SDK_v1.5.0/pico-sdk/lib/tinyusb/src/portable/raspberrypi/rp2040/dcd_rp2040.c.obj
                0x10005590                dcd_init
 .text.dcd_edpt0_status_complete
                0x10005610       0x1c CMakeFiles/chord.dir/C_/Program_Files/Raspberry_Pi/Pico_SDK_v1.5.0/pico-sdk/lib/tinyusb/src/portable/raspberrypi/rp2040/dcd_rp2040.c.obj
                0x10005610                dcd_edpt0_status_complete
 .text.dcd_edpt_open
                0x1000562c       0x40 CMakeFiles/chord.dir/C_/Program_Files/Raspberry_Pi/Pico_SDK_v1.5.0/pico-sdk/lib/tinyusb/src/portable/raspberrypi/rp2040/dcd_rp2040.c.obj
                0x1000562c                dcd_edpt_open
 .text.dcd_edpt_close_all
                0x1000566c        0x8 CMakeFiles/chord.dir/C_/Program_Files/Raspberry_Pi/Pico_SDK_v1.5.0/pico-sdk/lib/tinyusb/src/portable/raspberrypi/rp2040/dcd_rp2040.c.obj
                0x1000566c                dcd_edpt_close_all
 .text.dcd_edpt_xfer
                0x10005674       0x34 CMakeFiles/chord.dir/C_/Program_Files/Raspberry_Pi/Pico_SDK_v1.5.0/pico-sdk/lib/tinyusb/src/portable/raspberrypi/rp2040/dcd_rp2040.c.obj
                0x10005674                dcd_edpt_xfer
 .text.dcd_edpt_stall
                0x100056a8       0x2c CMakeFiles/chord.dir/C_/Program_Files/Raspberry_Pi/Pico_SDK_v1.5.0/pico-sdk/lib/tinyusb/src/portable/raspberrypi/rp2040/dcd_rp2040.c.obj
                0x100056a8                dcd_edpt_stall
 .text.dcd_edpt_clear_stall
                0x100056d4       0x20 CMakeFiles/chord.dir/C_/Program_Files/Raspberry_Pi/Pico_SDK_v1.5.0/pico-sdk/lib/tinyusb/src/portable/raspberrypi/rp2040/dcd_rp2040.c.obj
                0x100056d4                dcd_edpt_clear_stall
 .text.rp2040_usb_init
                0x100056f4       0x4c CMakeFiles/chord.dir/C_/Program_Files/Raspberry_Pi/Pico_SDK_v1.5.0/pico-sdk/lib/tinyusb/src/portable/raspberrypi/rp2040/rp2040_usb.c.obj
                0x100056f4                rp2040_usb_init
 .text.hw_endpoint_xfer_start
                0x10005740       0x50 CMakeFiles/chord.dir/C_/Program_Files/Raspberry_Pi/Pico_SDK_v1.5.0/pico-sdk/lib/tinyusb/src/portable/raspberrypi/rp2040/rp2040_usb.c.obj
                0x10005740                hw_endpoint_xfer_start
 .text.configuration_reset
                0x10005790       0x84 CMakeFiles/chord.dir/C_/Program_Files/Raspberry_Pi/Pico_SDK_v1.5.0/pico-sdk/lib/tinyusb/src/device/usbd.c.obj
 .text.usbd_reset
                0x10005814        0xc CMakeFiles/chord.dir/C_/Program_Files/Raspberry_Pi/Pico_SDK_v1.5.0/pico-sdk/lib/tinyusb/src/device/usbd.c.obj
 .text.invoke_class_control
                0x10005820       0x1a CMakeFiles/chord.dir/C_/Program_Files/Raspberry_Pi/Pico_SDK_v1.5.0/pico-sdk/lib/tinyusb/src/device/usbd.c.obj
 *fill*         0x1000583a        0x2 
 .text.process_set_config
                0x1000583c      0x178 CMakeFiles/chord.dir/C_/Program_Files/Raspberry_Pi/Pico_SDK_v1.5.0/pico-sdk/lib/tinyusb/src/device/usbd.c.obj
 .text.process_get_descriptor
                0x100059b4       0xdc CMakeFiles/chord.dir/C_/Program_Files/Raspberry_Pi/Pico_SDK_v1.5.0/pico-sdk/lib/tinyusb/src/device/usbd.c.obj
 .text.tud_inited
                0x10005a90       0x14 CMakeFiles/chord.dir/C_/Program_Files/Raspberry_Pi/Pico_SDK_v1.5.0/pico-sdk/lib/tinyusb/src/device/usbd.c.obj
                0x10005a90                tud_inited
 .text.tud_init
                0x10005aa4       0xcc CMakeFiles/chord.dir/C_/Program_Files/Raspberry_Pi/Pico_SDK_v1.5.0/pico-sdk/lib/tinyusb/src/device/usbd.c.obj
                0x10005aa4                tud_init
 .text.usbd_edpt_open
                0x10005b70       0x34 CMakeFiles/chord.dir/C_/Program_Files/Raspberry_Pi/Pico_SDK_v1.5.0/pico-sdk/lib/tinyusb/src/device/usbd.c.obj
                0x10005b70                usbd_edpt_open
 .text.usbd_edpt_claim
                0x10005ba4       0x28 CMakeFiles/chord.dir/C_/Program_Files/Raspberry_Pi/Pico_SDK_v1.5.0/pico-sdk/lib/tinyusb/src/device/usbd.c.obj
                0x10005ba4                usbd_edpt_claim
 .text.usbd_edpt_release
                0x10005bcc       0x28 CMakeFiles/chord.dir/C_/Program_Files/Raspberry_Pi/Pico_SDK_v1.5.0/pico-sdk/lib/tinyusb/src/device/usbd.c.obj
                0x10005bcc                usbd_edpt_release
 .text.usbd_edpt_xfer
                0x10005bf4       0x78 CMakeFiles/chord.dir/C_/Program_Files/Raspberry_Pi/Pico_SDK_v1.5.0/pico-sdk/lib/tinyusb/src/device/usbd.c.obj
                0x10005bf4                usbd_edpt_xfer
 .text.usbd_edpt_stall
                0x10005c6c       0x48 CMakeFiles/chord.dir/C_/Program_Files/Raspberry_Pi/Pico_SDK_v1.5.0/pico-sdk/lib/tinyusb/src/device/usbd.c.obj
                0x10005c6c                usbd_edpt_stall
 .text.usbd_edpt_clear_stall
                0x10005cb4       0x48 CMakeFiles/chord.dir/C_/Program_Files/Raspberry_Pi/Pico_SDK_v1.5.0/pico-sdk/lib/tinyusb/src/device/usbd.c.obj
                0x10005cb4                usbd_edpt_clear_stall
 .text.usbd_edpt_stalled
                0x10005cfc       0x1c CMakeFiles/chord.dir/C_/Program_Files/Raspberry_Pi/Pico_SDK_v1.5.0/pico-sdk/lib/tinyusb/src/device/usbd.c.obj
                0x10005cfc                usbd_edpt_stalled
 .text.process_control_request
                0x10005d18      0x37c CMakeFiles/chord.dir/C_/Program_Files/Raspberry_Pi/Pico_SDK_v1.5.0/pico-sdk/lib/tinyusb/src/device/usbd.c.obj
 .text.tud_task_ext
                0x10006094      0x1b4 CMakeFiles/chord.dir/C_/Program_Files/Raspberry_Pi/Pico_SDK_v1.5.0/pico-sdk/lib/tinyusb/src/device/usbd.c.obj
                0x10006094                tud_task_ext
 .text._data_stage_xact
                0x10006248       0x58 CMakeFiles/chord.dir/C_/Program_Files/Raspberry_Pi/Pico_SDK_v1.5.0/pico-sdk/lib/tinyusb/src/device/usbd_control.c.obj
 .text.tud_control_status
                0x100062a0       0x38 CMakeFiles/chord.dir/C_/Program_Files/Raspberry_Pi/Pico_SDK_v1.5.0/pico-sdk/lib/tinyusb/src/device/usbd_control.c.obj
                0x100062a0                tud_control_status
 .text.tud_control_xfer
                0x100062d8       0x74 CMakeFiles/chord.dir/C_/Program_Files/Raspberry_Pi/Pico_SDK_v1.5.0/pico-sdk/lib/tinyusb/src/device/usbd_control.c.obj
                0x100062d8                tud_control_xfer
 .text.usbd_control_reset
                0x1000634c       0x14 CMakeFiles/chord.dir/C_/Program_Files/Raspberry_Pi/Pico_SDK_v1.5.0/pico-sdk/lib/tinyusb/src/device/usbd_control.c.obj
                0x1000634c                usbd_control_reset
 .text.usbd_control_set_complete_callback
                0x10006360        0xc CMakeFiles/chord.dir/C_/Program_Files/Raspberry_Pi/Pico_SDK_v1.5.0/pico-sdk/lib/tinyusb/src/device/usbd_control.c.obj
                0x10006360                usbd_control_set_complete_callback
 .text.usbd_control_set_request
                0x1000636c       0x1c CMakeFiles/chord.dir/C_/Program_Files/Raspberry_Pi/Pico_SDK_v1.5.0/pico-sdk/lib/tinyusb/src/device/usbd_control.c.obj
                0x1000636c                usbd_control_set_request
 .text.usbd_control_xfer_cb
                0x10006388       0xcc CMakeFiles/chord.dir/C_/Program_Files/Raspberry_Pi/Pico_SDK_v1.5.0/pico-sdk/lib/tinyusb/src/device/usbd_control.c.obj
                0x10006388                usbd_control_xfer_cb
 .text._prep_out_transaction
                0x10006454       0x44 CMakeFiles/chord.dir/C_/Program_Files/Raspberry_Pi/Pico_SDK_v1.5.0/pico-sdk/lib/tinyusb/src/class/midi/midi_device.c.obj
 .text.write_flush
                0x10006498       0x5e CMakeFiles/chord.dir/C_/Program_Files/Raspberry_Pi/Pico_SDK_v1.5.0/pico-sdk/lib/tinyusb/src/class/midi/midi_device.c.obj
 *fill*         0x100064f6        0x2 
 .text.tud_midi_n_stream_write
                0x100064f8      0x258 CMakeFiles/chord.dir/C_/Program_Files/Raspberry_Pi/Pico_SDK_v1.5.0/pico-sdk/lib/tinyusb/src/class/midi/midi_device.c.obj
                0x100064f8                tud_midi_n_stream_write
 .text.midid_init
                0x10006750       0xa4 CMakeFiles/chord.dir/C_/Program_Files/Raspberry_Pi/Pico_SDK_v1.5.0/pico-sdk/lib/tinyusb/src/class/midi/midi_device.c.obj
                0x10006750                midid_init
 .text.midid_reset
                0x100067f4       0x44 CMakeFiles/chord.dir/C_/Program_Files/Raspberry_Pi/Pico_SDK_v1.5.0/pico-sdk/lib/tinyusb/src/class/midi/midi_device.c.obj
                0x100067f4                midid_reset
 .text.midid_open
                0x10006838      0x130 CMakeFiles/chord.dir/C_/Program_Files/Raspberry_Pi/Pico_SDK_v1.5.0/pico-sdk/lib/tinyusb/src/class/midi/midi_device.c.obj
                0x10006838                midid_open
 .text.midid_control_xfer_cb
                0x10006968        0x4 CMakeFiles/chord.dir/C_/Program_Files/Raspberry_Pi/Pico_SDK_v1.5.0/pico-sdk/lib/tinyusb/src/class/midi/midi_device.c.obj
                0x10006968                midid_control_xfer_cb
 .text.midid_xfer_cb
                0x1000696c       0xc0 CMakeFiles/chord.dir/C_/Program_Files/Raspberry_Pi/Pico_SDK_v1.5.0/pico-sdk/lib/tinyusb/src/class/midi/midi_device.c.obj
                0x1000696c                midid_xfer_cb
 .text.tusb_init
                0x10006a2c        0xa CMakeFiles/chord.dir/C_/Program_Files/Raspberry_Pi/Pico_SDK_v1.5.0/pico-sdk/lib/tinyusb/src/tusb.c.obj
                0x10006a2c                tusb_init
 .text.tusb_inited
                0x10006a36        0xe CMakeFiles/chord.dir/C_/Program_Files/Raspberry_Pi/Pico_SDK_v1.5.0/pico-sdk/lib/tinyusb/src/tusb.c.obj
                0x10006a36                tusb_inited
 .text.tu_edpt_claim
                0x10006a44       0x50 CMakeFiles/chord.dir/C_/Program_Files/Raspberry_Pi/Pico_SDK_v1.5.0/pico-sdk/lib/tinyusb/src/tusb.c.obj
                0x10006a44                tu_edpt_claim
 .text.tu_edpt_release
                0x10006a94       0x3c CMakeFiles/chord.dir/C_/Program_Files/Raspberry_Pi/Pico_SDK_v1.5.0/pico-sdk/lib/tinyusb/src/tusb.c.obj
                0x10006a94                tu_edpt_release
 .text.tu_edpt_validate
                0x10006ad0       0x78 CMakeFiles/chord.dir/C_/Program_Files/Raspberry_Pi/Pico_SDK_v1.5.0/pico-sdk/lib/tinyusb/src/tusb.c.obj
                0x10006ad0                tu_edpt_validate
 .text.tu_edpt_bind_driver
                0x10006b48       0x26 CMakeFiles/chord.dir/C_/Program_Files/Raspberry_Pi/Pico_SDK_v1.5.0/pico-sdk/lib/tinyusb/src/tusb.c.obj
                0x10006b48                tu_edpt_bind_driver
 .text.advance_index
                0x10006b6e       0x1a CMakeFiles/chord.dir/C_/Program_Files/Raspberry_Pi/Pico_SDK_v1.5.0/pico-sdk/lib/tinyusb/src/common/tusb_fifo.c.obj
 .text._tu_fifo_peek
                0x10006b88       0x56 CMakeFiles/chord.dir/C_/Program_Files/Raspberry_Pi/Pico_SDK_v1.5.0/pico-sdk/lib/tinyusb/src/common/tusb_fifo.c.obj
 .text._ff_pull_const_addr
                0x10006bde       0x4c CMakeFiles/chord.dir/C_/Program_Files/Raspberry_Pi/Pico_SDK_v1.5.0/pico-sdk/lib/tinyusb/src/common/tusb_fifo.c.obj
 .text._ff_pull_n
                0x10006c2a      0x110 CMakeFiles/chord.dir/C_/Program_Files/Raspberry_Pi/Pico_SDK_v1.5.0/pico-sdk/lib/tinyusb/src/common/tusb_fifo.c.obj
 .text._tu_fifo_peek_n
                0x10006d3a       0x6a CMakeFiles/chord.dir/C_/Program_Files/Raspberry_Pi/Pico_SDK_v1.5.0/pico-sdk/lib/tinyusb/src/common/tusb_fifo.c.obj
 .text._tu_fifo_read_n
                0x10006da4       0x4e CMakeFiles/chord.dir/C_/Program_Files/Raspberry_Pi/Pico_SDK_v1.5.0/pico-sdk/lib/tinyusb/src/common/tusb_fifo.c.obj
 .text._ff_push_const_addr
                0x10006df2       0x40 CMakeFiles/chord.dir/C_/Program_Files/Raspberry_Pi/Pico_SDK_v1.5.0/pico-sdk/lib/tinyusb/src/common/tusb_fifo.c.obj
 .text._ff_push_n
                0x10006e32      0x10c CMakeFiles/chord.dir/C_/Program_Files/Raspberry_Pi/Pico_SDK_v1.5.0/pico-sdk/lib/tinyusb/src/common/tusb_fifo.c.obj
 .text._tu_fifo_write_n
                0x10006f3e       0xf0 CMakeFiles/chord.dir/C_/Program_Files/Raspberry_Pi/Pico_SDK_v1.5.0/pico-sdk/lib/tinyusb/src/common/tusb_fifo.c.obj
 .text.tu_fifo_config
                0x1000702e       0x7c CMakeFiles/chord.dir/C_/Program_Files/Raspberry_Pi/Pico_SDK_v1.5.0/pico-sdk/lib/tinyusb/src/common/tusb_fifo.c.obj
                0x1000702e                tu_fifo_config
 .text.tu_fifo_count
                0x100070aa       0x2a CMakeFiles/chord.dir/C_/Program_Files/Raspberry_Pi/Pico_SDK_v1.5.0/pico-sdk/lib/tinyusb/src/common/tusb_fifo.c.obj
                0x100070aa                tu_fifo_count
 .text.tu_fifo_full
                0x100070d4       0x28 CMakeFiles/chord.dir/C_/Program_Files/Raspberry_Pi/Pico_SDK_v1.5.0/pico-sdk/lib/tinyusb/src/common/tusb_fifo.c.obj
                0x100070d4                tu_fifo_full
 .text.tu_fifo_remaining
                0x100070fc       0x2c CMakeFiles/chord.dir/C_/Program_Files/Raspberry_Pi/Pico_SDK_v1.5.0/pico-sdk/lib/tinyusb/src/common/tusb_fifo.c.obj
                0x100070fc                tu_fifo_remaining
 .text.tu_fifo_read
                0x10007128       0x42 CMakeFiles/chord.dir/C_/Program_Files/Raspberry_Pi/Pico_SDK_v1.5.0/pico-sdk/lib/tinyusb/src/common/tusb_fifo.c.obj
                0x10007128                tu_fifo_read
 .text.tu_fifo_read_n
                0x1000716a        0xa CMakeFiles/chord.dir/C_/Program_Files/Raspberry_Pi/Pico_SDK_v1.5.0/pico-sdk/lib/tinyusb/src/common/tusb_fifo.c.obj
                0x1000716a                tu_fifo_read_n
 .text.tu_fifo_write
                0x10007174       0x64 CMakeFiles/chord.dir/C_/Program_Files/Raspberry_Pi/Pico_SDK_v1.5.0/pico-sdk/lib/tinyusb/src/common/tusb_fifo.c.obj
                0x10007174                tu_fifo_write
 .text.tu_fifo_write_n
                0x100071d8        0xa CMakeFiles/chord.dir/C_/Program_Files/Raspberry_Pi/Pico_SDK_v1.5.0/pico-sdk/lib/tinyusb/src/common/tusb_fifo.c.obj
                0x100071d8                tu_fifo_write_n
 .text.tu_fifo_clear
                0x100071e2       0x3e CMakeFiles/chord.dir/C_/Program_Files/Raspberry_Pi/Pico_SDK_v1.5.0/pico-sdk/lib/tinyusb/src/common/tusb_fifo.c.obj
                0x100071e2                tu_fifo_clear
 .text.board_init
                0x10007220       0x30 CMakeFiles/chord.dir/C_/Program_Files/Raspberry_Pi/Pico_SDK_v1.5.0/pico-sdk/lib/tinyusb/hw/bsp/rp2040/family.c.obj
                0x10007220                board_init
 .text.strlen   0x10007250       0x5c c:/progra~1/raspbe~1/picosd~1.0/gcc-ar~1/bin/../lib/gcc/arm-none-eabi/10.3.1/../../../../arm-none-eabi/lib/thumb/v6-m/nofp\libg.a(lib_a-strlen-stub.o)
                0x10007250                strlen
 *(.fini)
 .fini          0x100072ac        0x4 c:/progra~1/raspbe~1/picosd~1.0/gcc-ar~1/bin/../lib/gcc/arm-none-eabi/10.3.1/thumb/v6-m/nofp/crti.o
                0x100072ac                _fini
 .fini.__stub   0x100072b0       0xb0 linker stubs
 *crtbegin.o(.ctors)
 *crtbegin?.o(.ctors)
 *(EXCLUDE_FILE(*crtend.o *crtend?.o) .ctors)
 *(SORT_BY_NAME(.ctors.*))
 *(.ctors)
 *crtbegin.o(.dtors)
 *crtbegin?.o(.dtors)
 *(EXCLUDE_FILE(*crtend.o *crtend?.o) .dtors)
 *(SORT_BY_NAME(.dtors.*))
 *(.dtors)
 *(.eh_frame*)
 .eh_frame      0x10007360        0x0 c:/progra~1/raspbe~1/picosd~1.0/gcc-ar~1/bin/../lib/gcc/arm-none-eabi/10.3.1/thumb/v6-m/nofp/crtbegin.o
                0x10007360                . = ALIGN (0x4)

.glue_7         0x10007360        0x0
 .glue_7        0x10007360        0x0 linker stubs

.glue_7t        0x10007360        0x0
 .glue_7t       0x10007360        0x0 linker stubs

.vfp11_veneer   0x10007360        0x0
 .vfp11_veneer  0x10007360        0x0 linker stubs

.v4_bx          0x10007360        0x0
 .v4_bx         0x10007360        0x0 linker stubs

.iplt           0x10007360        0x0
 .iplt          0x10007360        0x0 c:/progra~1/raspbe~1/picosd~1.0/gcc-ar~1/bin/../lib/gcc/arm-none-eabi/10.3.1/thumb/v6-m/nofp/crtbegin.o

.rodata         0x10007360     0x1504
 *(EXCLUDE_FILE(*libm.a: *libc.a:*lib_a-mem*.o *libgcc.a:) .rodata*)
 .rodata.chord_select_task.str1.4
                0x10007360       0x7d CMakeFiles/chord.dir/chord.c.obj
 *fill*         0x100073dd        0x3 
 .rodata.__func__.0
                0x100073e0       0x15 CMakeFiles/chord.dir/chord.c.obj
 *fill*         0x100073f5        0x3 
 .rodata.str1.4
                0x100073f8       0x2b CMakeFiles/chord.dir/usb_descriptors.c.obj
 *fill*         0x10007423        0x1 
 .rodata.__compound_literal.0
                0x10007424        0x2 CMakeFiles/chord.dir/usb_descriptors.c.obj
 *fill*         0x10007426        0x2 
 .rodata.desc_device
                0x10007428       0x12 CMakeFiles/chord.dir/usb_descriptors.c.obj
                0x10007428                desc_device
 *fill*         0x1000743a        0x2 
 .rodata.desc_fs_configuration
                0x1000743c       0x65 CMakeFiles/chord.dir/usb_descriptors.c.obj
                0x1000743c                desc_fs_configuration
 *fill*         0x100074a1        0x3 
 .rodata.spin_lock_claim_unused.str1.4
                0x100074a4       0x1b CMakeFiles/chord.dir/C_/Program_Files/Raspberry_Pi/Pico_SDK_v1.5.0/pico-sdk/src/rp2_common/hardware_sync/sync.c.obj
 *fill*         0x100074bf        0x1 
 .rodata.make_branch.str1.4
                0x100074c0       0x89 CMakeFiles/chord.dir/C_/Program_Files/Raspberry_Pi/Pico_SDK_v1.5.0/pico-sdk/src/rp2_common/hardware_irq/irq.c.obj
 *fill*         0x10007549        0x3 
 .rodata.insert_branch_and_link.str1.4
                0x1000754c       0x10 CMakeFiles/chord.dir/C_/Program_Files/Raspberry_Pi/Pico_SDK_v1.5.0/pico-sdk/src/rp2_common/hardware_irq/irq.c.obj
 .rodata.irq_set_exclusive_handler.str1.4
                0x1000755c       0x36 CMakeFiles/chord.dir/C_/Program_Files/Raspberry_Pi/Pico_SDK_v1.5.0/pico-sdk/src/rp2_common/hardware_irq/irq.c.obj
 *fill*         0x10007592        0x2 
 .rodata.irq_add_shared_handler.str1.4
                0x10007594       0xd9 CMakeFiles/chord.dir/C_/Program_Files/Raspberry_Pi/Pico_SDK_v1.5.0/pico-sdk/src/rp2_common/hardware_irq/irq.c.obj
 *fill*         0x1000766d        0x3 
 .rodata.irq_remove_handler.str1.4
                0x10007670       0x3a CMakeFiles/chord.dir/C_/Program_Files/Raspberry_Pi/Pico_SDK_v1.5.0/pico-sdk/src/rp2_common/hardware_irq/irq.c.obj
 *fill*         0x100076aa        0x2 
 .rodata.irq_add_tail_to_free_list.str1.4
                0x100076ac       0x3a CMakeFiles/chord.dir/C_/Program_Files/Raspberry_Pi/Pico_SDK_v1.5.0/pico-sdk/src/rp2_common/hardware_irq/irq.c.obj
 *fill*         0x100076e6        0x2 
 .rodata.__func__.0
                0x100076e8       0x1a CMakeFiles/chord.dir/C_/Program_Files/Raspberry_Pi/Pico_SDK_v1.5.0/pico-sdk/src/rp2_common/hardware_irq/irq.c.obj
 *fill*         0x10007702        0x2 
 .rodata.__func__.1
                0x10007704       0x17 CMakeFiles/chord.dir/C_/Program_Files/Raspberry_Pi/Pico_SDK_v1.5.0/pico-sdk/src/rp2_common/hardware_irq/irq.c.obj
 *fill*         0x1000771b        0x1 
 .rodata.__func__.2
                0x1000771c       0x13 CMakeFiles/chord.dir/C_/Program_Files/Raspberry_Pi/Pico_SDK_v1.5.0/pico-sdk/src/rp2_common/hardware_irq/irq.c.obj
 *fill*         0x1000772f        0x1 
 .rodata.__func__.3
                0x10007730        0xc CMakeFiles/chord.dir/C_/Program_Files/Raspberry_Pi/Pico_SDK_v1.5.0/pico-sdk/src/rp2_common/hardware_irq/irq.c.obj
 .rodata.__func__.4
                0x1000773c        0xf CMakeFiles/chord.dir/C_/Program_Files/Raspberry_Pi/Pico_SDK_v1.5.0/pico-sdk/src/rp2_common/hardware_irq/irq.c.obj
 *fill*         0x1000774b        0x1 
 .rodata.__func__.5
                0x1000774c       0x17 CMakeFiles/chord.dir/C_/Program_Files/Raspberry_Pi/Pico_SDK_v1.5.0/pico-sdk/src/rp2_common/hardware_irq/irq.c.obj
 *fill*         0x10007763        0x1 
 .rodata.__func__.6
                0x10007764       0x1a CMakeFiles/chord.dir/C_/Program_Files/Raspberry_Pi/Pico_SDK_v1.5.0/pico-sdk/src/rp2_common/hardware_irq/irq.c.obj
 *fill*         0x1000777e        0x2 
 .rodata.str1.4
                0x10007780       0xa5 CMakeFiles/chord.dir/C_/Program_Files/Raspberry_Pi/Pico_SDK_v1.5.0/pico-sdk/src/common/pico_sync/mutex.c.obj
                                0x125 (size before relaxing)
 *fill*         0x10007825        0x3 
 .rodata.__func__.1
                0x10007828        0xb CMakeFiles/chord.dir/C_/Program_Files/Raspberry_Pi/Pico_SDK_v1.5.0/pico-sdk/src/common/pico_sync/mutex.c.obj
 *fill*         0x10007833        0x1 
 .rodata.__func__.3
                0x10007834       0x18 CMakeFiles/chord.dir/C_/Program_Files/Raspberry_Pi/Pico_SDK_v1.5.0/pico-sdk/src/common/pico_sync/mutex.c.obj
 .rodata.__func__.4
                0x1000784c       0x15 CMakeFiles/chord.dir/C_/Program_Files/Raspberry_Pi/Pico_SDK_v1.5.0/pico-sdk/src/common/pico_sync/mutex.c.obj
 *fill*         0x10007861        0x3 
 .rodata.repeating_timer_callback.str1.4
                0x10007864       0x67 CMakeFiles/chord.dir/C_/Program_Files/Raspberry_Pi/Pico_SDK_v1.5.0/pico-sdk/src/common/pico_time/time.c.obj
 *fill*         0x100078cb        0x1 
 .rodata.timer_pool_entry_comparator.str1.4
                0x100078cc       0x22 CMakeFiles/chord.dir/C_/Program_Files/Raspberry_Pi/Pico_SDK_v1.5.0/pico-sdk/src/common/pico_time/time.c.obj
 *fill*         0x100078ee        0x2 
 .rodata.ph_add_child_node.str1.4
                0x100078f0       0xb2 CMakeFiles/chord.dir/C_/Program_Files/Raspberry_Pi/Pico_SDK_v1.5.0/pico-sdk/src/common/pico_time/time.c.obj
 *fill*         0x100079a2        0x2 
 .rodata.add_alarm_under_lock.str1.4
                0x100079a4       0x28 CMakeFiles/chord.dir/C_/Program_Files/Raspberry_Pi/Pico_SDK_v1.5.0/pico-sdk/src/common/pico_time/time.c.obj
                                 0x2b (size before relaxing)
 .rodata.alarm_pool_alarm_callback.str1.4
                0x100079cc       0x98 CMakeFiles/chord.dir/C_/Program_Files/Raspberry_Pi/Pico_SDK_v1.5.0/pico-sdk/src/common/pico_time/time.c.obj
                                0x118 (size before relaxing)
 .rodata.alarm_pool_get_default.str1.4
                0x10007a64       0x21 CMakeFiles/chord.dir/C_/Program_Files/Raspberry_Pi/Pico_SDK_v1.5.0/pico-sdk/src/common/pico_time/time.c.obj
 *fill*         0x10007a85        0x3 
 .rodata.alarm_pool_cancel_alarm.str1.4
                0x10007a88       0x27 CMakeFiles/chord.dir/C_/Program_Files/Raspberry_Pi/Pico_SDK_v1.5.0/pico-sdk/src/common/pico_time/time.c.obj
 *fill*         0x10007aaf        0x1 
 .rodata.sleep_until.str1.4
                0x10007ab0       0x4d CMakeFiles/chord.dir/C_/Program_Files/Raspberry_Pi/Pico_SDK_v1.5.0/pico-sdk/src/common/pico_time/time.c.obj
 *fill*         0x10007afd        0x3 
 .rodata.__func__.1
                0x10007b00       0x18 CMakeFiles/chord.dir/C_/Program_Files/Raspberry_Pi/Pico_SDK_v1.5.0/pico-sdk/src/common/pico_time/time.c.obj
 .rodata.__func__.10
                0x10007b18       0x15 CMakeFiles/chord.dir/C_/Program_Files/Raspberry_Pi/Pico_SDK_v1.5.0/pico-sdk/src/common/pico_time/time.c.obj
 *fill*         0x10007b2d        0x3 
 .rodata.__func__.11
                0x10007b30       0x1a CMakeFiles/chord.dir/C_/Program_Files/Raspberry_Pi/Pico_SDK_v1.5.0/pico-sdk/src/common/pico_time/time.c.obj
 *fill*         0x10007b4a        0x2 
 .rodata.__func__.12
                0x10007b4c        0xa CMakeFiles/chord.dir/C_/Program_Files/Raspberry_Pi/Pico_SDK_v1.5.0/pico-sdk/src/common/pico_time/time.c.obj
 *fill*         0x10007b56        0x2 
 .rodata.__func__.3
                0x10007b58       0x17 CMakeFiles/chord.dir/C_/Program_Files/Raspberry_Pi/Pico_SDK_v1.5.0/pico-sdk/src/common/pico_time/time.c.obj
 *fill*         0x10007b6f        0x1 
 .rodata.__func__.4
                0x10007b70       0x12 CMakeFiles/chord.dir/C_/Program_Files/Raspberry_Pi/Pico_SDK_v1.5.0/pico-sdk/src/common/pico_time/time.c.obj
 *fill*         0x10007b82        0x2 
 .rodata.__func__.5
                0x10007b84        0xd CMakeFiles/chord.dir/C_/Program_Files/Raspberry_Pi/Pico_SDK_v1.5.0/pico-sdk/src/common/pico_time/time.c.obj
 *fill*         0x10007b91        0x3 
 .rodata.__func__.6
                0x10007b94       0x12 CMakeFiles/chord.dir/C_/Program_Files/Raspberry_Pi/Pico_SDK_v1.5.0/pico-sdk/src/common/pico_time/time.c.obj
 *fill*         0x10007ba6        0x2 
 .rodata.__func__.7
                0x10007ba8        0xf CMakeFiles/chord.dir/C_/Program_Files/Raspberry_Pi/Pico_SDK_v1.5.0/pico-sdk/src/common/pico_time/time.c.obj
 *fill*         0x10007bb7        0x1 
 .rodata.__func__.8
                0x10007bb8        0xc CMakeFiles/chord.dir/C_/Program_Files/Raspberry_Pi/Pico_SDK_v1.5.0/pico-sdk/src/common/pico_time/time.c.obj
 .rodata.__func__.9
                0x10007bc4       0x15 CMakeFiles/chord.dir/C_/Program_Files/Raspberry_Pi/Pico_SDK_v1.5.0/pico-sdk/src/common/pico_time/time.c.obj
 *fill*         0x10007bd9        0x3 
 .rodata.hardware_alarm_claim.str1.4
                0x10007bdc       0x22 CMakeFiles/chord.dir/C_/Program_Files/Raspberry_Pi/Pico_SDK_v1.5.0/pico-sdk/src/rp2_common/hardware_timer/timer.c.obj
 *fill*         0x10007bfe        0x2 
 .rodata.hardware_alarm_set_target.str1.4
                0x10007c00       0x81 CMakeFiles/chord.dir/C_/Program_Files/Raspberry_Pi/Pico_SDK_v1.5.0/pico-sdk/src/rp2_common/hardware_timer/timer.c.obj
 *fill*         0x10007c81        0x3 
 .rodata.__func__.0
                0x10007c84       0x1a CMakeFiles/chord.dir/C_/Program_Files/Raspberry_Pi/Pico_SDK_v1.5.0/pico-sdk/src/rp2_common/hardware_timer/timer.c.obj
 .rodata.ph_add_child_node.str1.4
                0x10007c9e       0xb2 CMakeFiles/chord.dir/C_/Program_Files/Raspberry_Pi/Pico_SDK_v1.5.0/pico-sdk/src/common/pico_util/pheap.c.obj
 *fill*         0x10007c9e        0x2 
 .rodata.ph_remove_any_head.str1.4
                0x10007ca0       0xa8 CMakeFiles/chord.dir/C_/Program_Files/Raspberry_Pi/Pico_SDK_v1.5.0/pico-sdk/src/common/pico_util/pheap.c.obj
                                 0xbc (size before relaxing)
 .rodata.ph_remove_and_free_node.str1.4
                0x10007d48       0x1e CMakeFiles/chord.dir/C_/Program_Files/Raspberry_Pi/Pico_SDK_v1.5.0/pico-sdk/src/common/pico_util/pheap.c.obj
                                 0x26 (size before relaxing)
 *fill*         0x10007d66        0x2 
 .rodata.__func__.0
                0x10007d68       0x18 CMakeFiles/chord.dir/C_/Program_Files/Raspberry_Pi/Pico_SDK_v1.5.0/pico-sdk/src/common/pico_util/pheap.c.obj
 .rodata.__func__.1
                0x10007d80       0x13 CMakeFiles/chord.dir/C_/Program_Files/Raspberry_Pi/Pico_SDK_v1.5.0/pico-sdk/src/common/pico_util/pheap.c.obj
 *fill*         0x10007d93        0x1 
 .rodata.__func__.2
                0x10007d94       0x12 CMakeFiles/chord.dir/C_/Program_Files/Raspberry_Pi/Pico_SDK_v1.5.0/pico-sdk/src/common/pico_util/pheap.c.obj
 *fill*         0x10007da6        0x2 
 .rodata.__func__.3
                0x10007da8        0xc CMakeFiles/chord.dir/C_/Program_Files/Raspberry_Pi/Pico_SDK_v1.5.0/pico-sdk/src/common/pico_util/pheap.c.obj
 .rodata.clock_configure.str1.4
                0x10007db4       0x73 CMakeFiles/chord.dir/C_/Program_Files/Raspberry_Pi/Pico_SDK_v1.5.0/pico-sdk/src/rp2_common/hardware_clocks/clocks.c.obj
 *fill*         0x10007e27        0x1 
 .rodata.__func__.1
                0x10007e28       0x10 CMakeFiles/chord.dir/C_/Program_Files/Raspberry_Pi/Pico_SDK_v1.5.0/pico-sdk/src/rp2_common/hardware_clocks/clocks.c.obj
 .rodata.pll_init.str1.4
                0x10007e38      0x13f CMakeFiles/chord.dir/C_/Program_Files/Raspberry_Pi/Pico_SDK_v1.5.0/pico-sdk/src/rp2_common/hardware_pll/pll.c.obj
 *fill*         0x10007f77        0x1 
 .rodata.__func__.0
                0x10007f78        0x9 CMakeFiles/chord.dir/C_/Program_Files/Raspberry_Pi/Pico_SDK_v1.5.0/pico-sdk/src/rp2_common/hardware_pll/pll.c.obj
 *fill*         0x10007f81        0x3 
 .rodata.__assert_func.str1.4
                0x10007f84       0x3f CMakeFiles/chord.dir/C_/Program_Files/Raspberry_Pi/Pico_SDK_v1.5.0/pico-sdk/src/rp2_common/pico_runtime/runtime.c.obj
                                 0x43 (size before relaxing)
 *fill*         0x10007fc3        0x1 
 .rodata.runtime_init.str1.4
                0x10007fc4       0x7d CMakeFiles/chord.dir/C_/Program_Files/Raspberry_Pi/Pico_SDK_v1.5.0/pico-sdk/src/rp2_common/pico_runtime/runtime.c.obj
 *fill*         0x10008041        0x3 
 .rodata.panic.str1.4
                0x10008044       0x12 CMakeFiles/chord.dir/C_/Program_Files/Raspberry_Pi/Pico_SDK_v1.5.0/pico-sdk/src/rp2_common/pico_runtime/runtime.c.obj
 *fill*         0x10008056        0x2 
 .rodata.__func__.2
                0x10008058        0xd CMakeFiles/chord.dir/C_/Program_Files/Raspberry_Pi/Pico_SDK_v1.5.0/pico-sdk/src/rp2_common/pico_runtime/runtime.c.obj
 *fill*         0x10008065        0x3 
 .rodata._ftoa.str1.4
                0x10008068       0x15 CMakeFiles/chord.dir/C_/Program_Files/Raspberry_Pi/Pico_SDK_v1.5.0/pico-sdk/src/rp2_common/pico_printf/printf.c.obj
 *fill*         0x1000807d        0x3 
 .rodata._vsnprintf
                0x10008080      0x1e0 CMakeFiles/chord.dir/C_/Program_Files/Raspberry_Pi/Pico_SDK_v1.5.0/pico-sdk/src/rp2_common/pico_printf/printf.c.obj
 .rodata.pow10.0
                0x10008260       0x50 CMakeFiles/chord.dir/C_/Program_Files/Raspberry_Pi/Pico_SDK_v1.5.0/pico-sdk/src/rp2_common/pico_printf/printf.c.obj
 .rodata.__aeabi_double_init.str1.4
                0x100082b0       0xc4 CMakeFiles/chord.dir/C_/Program_Files/Raspberry_Pi/Pico_SDK_v1.5.0/pico-sdk/src/rp2_common/pico_double/double_init_rom.c.obj
 .rodata.__func__.0
                0x10008374       0x14 CMakeFiles/chord.dir/C_/Program_Files/Raspberry_Pi/Pico_SDK_v1.5.0/pico-sdk/src/rp2_common/pico_double/double_init_rom.c.obj
 .rodata.__aeabi_float_init.str1.4
                0x10008388       0x96 CMakeFiles/chord.dir/C_/Program_Files/Raspberry_Pi/Pico_SDK_v1.5.0/pico-sdk/src/rp2_common/pico_float/float_init_rom.c.obj
                                 0x9a (size before relaxing)
 *fill*         0x1000841e        0x2 
 .rodata.__func__.0
                0x10008420       0x13 CMakeFiles/chord.dir/C_/Program_Files/Raspberry_Pi/Pico_SDK_v1.5.0/pico-sdk/src/rp2_common/pico_float/float_init_rom.c.obj
 *fill*         0x10008433        0x1 
 .rodata.str1.4
                0x10008434       0x3c CMakeFiles/chord.dir/C_/Program_Files/Raspberry_Pi/Pico_SDK_v1.5.0/pico-sdk/src/rp2_common/pico_standard_link/binary_info.c.obj
 .rodata.__bi_44
                0x10008470        0xc CMakeFiles/chord.dir/C_/Program_Files/Raspberry_Pi/Pico_SDK_v1.5.0/pico-sdk/src/rp2_common/pico_standard_link/binary_info.c.obj
 .rodata.__bi_75
                0x1000847c        0xc CMakeFiles/chord.dir/C_/Program_Files/Raspberry_Pi/Pico_SDK_v1.5.0/pico-sdk/src/rp2_common/pico_standard_link/binary_info.c.obj
 .rodata.__bi_81
                0x10008488        0xc CMakeFiles/chord.dir/C_/Program_Files/Raspberry_Pi/Pico_SDK_v1.5.0/pico-sdk/src/rp2_common/pico_standard_link/binary_info.c.obj
 .rodata.stdout_serialize_begin.str1.4
                0x10008494       0x7d CMakeFiles/chord.dir/C_/Program_Files/Raspberry_Pi/Pico_SDK_v1.5.0/pico-sdk/src/rp2_common/pico_stdio/stdio.c.obj
 .rodata.__func__.3
                0x10008494       0x15 CMakeFiles/chord.dir/C_/Program_Files/Raspberry_Pi/Pico_SDK_v1.5.0/pico-sdk/src/rp2_common/pico_stdio/stdio.c.obj
 *fill*         0x100084a9        0x3 
 .rodata.crlf_str.2
                0x100084ac        0x2 CMakeFiles/chord.dir/C_/Program_Files/Raspberry_Pi/Pico_SDK_v1.5.0/pico-sdk/src/rp2_common/pico_stdio/stdio.c.obj
 *fill*         0x100084ae        0x2 
 .rodata.i2c_set_baudrate.str1.4
                0x100084b0       0x79 CMakeFiles/chord.dir/C_/Program_Files/Raspberry_Pi/Pico_SDK_v1.5.0/pico-sdk/src/rp2_common/hardware_i2c/i2c.c.obj
 *fill*         0x10008529        0x3 
 .rodata.__func__.0
                0x1000852c       0x11 CMakeFiles/chord.dir/C_/Program_Files/Raspberry_Pi/Pico_SDK_v1.5.0/pico-sdk/src/rp2_common/hardware_i2c/i2c.c.obj
 *fill*         0x1000853d        0x3 
 .rodata._hw_endpoint_alloc.str1.4
                0x10008540       0xd1 CMakeFiles/chord.dir/C_/Program_Files/Raspberry_Pi/Pico_SDK_v1.5.0/pico-sdk/lib/tinyusb/src/portable/raspberrypi/rp2040/dcd_rp2040.c.obj
 *fill*         0x10008611        0x3 
 .rodata.str1.4
                0x10008614       0x14 CMakeFiles/chord.dir/C_/Program_Files/Raspberry_Pi/Pico_SDK_v1.5.0/pico-sdk/lib/tinyusb/src/portable/raspberrypi/rp2040/dcd_rp2040.c.obj
 .rodata.dcd_int_enable.str1.4
                0x10008628        0xc CMakeFiles/chord.dir/C_/Program_Files/Raspberry_Pi/Pico_SDK_v1.5.0/pico-sdk/lib/tinyusb/src/portable/raspberrypi/rp2040/dcd_rp2040.c.obj
 .rodata.__func__.0
                0x10008634        0xe CMakeFiles/chord.dir/C_/Program_Files/Raspberry_Pi/Pico_SDK_v1.5.0/pico-sdk/lib/tinyusb/src/portable/raspberrypi/rp2040/dcd_rp2040.c.obj
 *fill*         0x10008642        0x2 
 .rodata.__func__.1
                0x10008644        0xe CMakeFiles/chord.dir/C_/Program_Files/Raspberry_Pi/Pico_SDK_v1.5.0/pico-sdk/lib/tinyusb/src/portable/raspberrypi/rp2040/dcd_rp2040.c.obj
 *fill*         0x10008652        0x2 
 .rodata.__func__.3
                0x10008654       0x10 CMakeFiles/chord.dir/C_/Program_Files/Raspberry_Pi/Pico_SDK_v1.5.0/pico-sdk/lib/tinyusb/src/portable/raspberrypi/rp2040/dcd_rp2040.c.obj
 .rodata.__func__.5
                0x10008664        0xf CMakeFiles/chord.dir/C_/Program_Files/Raspberry_Pi/Pico_SDK_v1.5.0/pico-sdk/lib/tinyusb/src/portable/raspberrypi/rp2040/dcd_rp2040.c.obj
 *fill*         0x10008673        0x1 
 .rodata.__func__.6
                0x10008674       0x13 CMakeFiles/chord.dir/C_/Program_Files/Raspberry_Pi/Pico_SDK_v1.5.0/pico-sdk/lib/tinyusb/src/portable/raspberrypi/rp2040/dcd_rp2040.c.obj
 *fill*         0x10008687        0x1 
 .rodata.__func__.7
                0x10008688        0x9 CMakeFiles/chord.dir/C_/Program_Files/Raspberry_Pi/Pico_SDK_v1.5.0/pico-sdk/lib/tinyusb/src/portable/raspberrypi/rp2040/dcd_rp2040.c.obj
 *fill*         0x10008691        0x3 
 .rodata.str1.4
                0x10008694      0x103 CMakeFiles/chord.dir/C_/Program_Files/Raspberry_Pi/Pico_SDK_v1.5.0/pico-sdk/lib/tinyusb/src/portable/raspberrypi/rp2040/rp2040_usb.c.obj
 *fill*         0x10008797        0x1 
 .rodata.__func__.0
                0x10008798        0xf CMakeFiles/chord.dir/C_/Program_Files/Raspberry_Pi/Pico_SDK_v1.5.0/pico-sdk/lib/tinyusb/src/portable/raspberrypi/rp2040/rp2040_usb.c.obj
 *fill*         0x100087a7        0x1 
 .rodata.process_get_descriptor
                0x100087a8       0x40 CMakeFiles/chord.dir/C_/Program_Files/Raspberry_Pi/Pico_SDK_v1.5.0/pico-sdk/lib/tinyusb/src/device/usbd.c.obj
 .rodata.process_control_request
                0x100087e8       0x28 CMakeFiles/chord.dir/C_/Program_Files/Raspberry_Pi/Pico_SDK_v1.5.0/pico-sdk/lib/tinyusb/src/device/usbd.c.obj
 .rodata.tud_task_ext
                0x10008810       0x24 CMakeFiles/chord.dir/C_/Program_Files/Raspberry_Pi/Pico_SDK_v1.5.0/pico-sdk/lib/tinyusb/src/device/usbd.c.obj
 .rodata._usbd_driver
                0x10008834       0x18 CMakeFiles/chord.dir/C_/Program_Files/Raspberry_Pi/Pico_SDK_v1.5.0/pico-sdk/lib/tinyusb/src/device/usbd.c.obj
 .rodata.str1.4
                0x1000884c        0x4 CMakeFiles/chord.dir/C_/Program_Files/Raspberry_Pi/Pico_SDK_v1.5.0/pico-sdk/lib/tinyusb/hw/bsp/rp2040/family.c.obj
 .rodata.__bi_142.0
                0x10008850        0xc CMakeFiles/chord.dir/C_/Program_Files/Raspberry_Pi/Pico_SDK_v1.5.0/pico-sdk/lib/tinyusb/hw/bsp/rp2040/family.c.obj
 .rodata.__bi_152.1
                0x1000885c        0x8 CMakeFiles/chord.dir/C_/Program_Files/Raspberry_Pi/Pico_SDK_v1.5.0/pico-sdk/lib/tinyusb/hw/bsp/rp2040/family.c.obj
                0x10008864                . = ALIGN (0x4)
 *(SORT_BY_ALIGNMENT(SORT_BY_NAME(.flashdata*)))
                0x10008864                . = ALIGN (0x4)

.rel.dyn        0x10008864        0x0
 .rel.iplt      0x10008864        0x0 c:/progra~1/raspbe~1/picosd~1.0/gcc-ar~1/bin/../lib/gcc/arm-none-eabi/10.3.1/thumb/v6-m/nofp/crtbegin.o

.ARM.extab
 *(.ARM.extab* .gnu.linkonce.armextab.*)
                0x10008864                __exidx_start = .

.ARM.exidx
 *(.ARM.exidx* .gnu.linkonce.armexidx.*)
                0x10008864                __exidx_end = .
                0x10008864                . = ALIGN (0x4)
                0x10008864                __binary_info_start = .

.binary_info    0x10008864       0x24
 *(.binary_info.keep.*)
 .binary_info.keep.__bi_ptr22
                0x10008864        0x4 CMakeFiles/chord.dir/C_/Program_Files/Raspberry_Pi/Pico_SDK_v1.5.0/pico-sdk/src/rp2_common/pico_standard_link/binary_info.c.obj
 .binary_info.keep.__bi_ptr30
                0x10008868        0x4 CMakeFiles/chord.dir/C_/Program_Files/Raspberry_Pi/Pico_SDK_v1.5.0/pico-sdk/src/rp2_common/pico_standard_link/binary_info.c.obj
 .binary_info.keep.__bi_ptr38
                0x1000886c        0x4 CMakeFiles/chord.dir/C_/Program_Files/Raspberry_Pi/Pico_SDK_v1.5.0/pico-sdk/src/rp2_common/pico_standard_link/binary_info.c.obj
 .binary_info.keep.__bi_ptr44
                0x10008870        0x4 CMakeFiles/chord.dir/C_/Program_Files/Raspberry_Pi/Pico_SDK_v1.5.0/pico-sdk/src/rp2_common/pico_standard_link/binary_info.c.obj
 .binary_info.keep.__bi_ptr50
                0x10008874        0x4 CMakeFiles/chord.dir/C_/Program_Files/Raspberry_Pi/Pico_SDK_v1.5.0/pico-sdk/src/rp2_common/pico_standard_link/binary_info.c.obj
 .binary_info.keep.__bi_ptr75
                0x10008878        0x4 CMakeFiles/chord.dir/C_/Program_Files/Raspberry_Pi/Pico_SDK_v1.5.0/pico-sdk/src/rp2_common/pico_standard_link/binary_info.c.obj
 .binary_info.keep.__bi_ptr81
                0x1000887c        0x4 CMakeFiles/chord.dir/C_/Program_Files/Raspberry_Pi/Pico_SDK_v1.5.0/pico-sdk/src/rp2_common/pico_standard_link/binary_info.c.obj
 .binary_info.keep.__bi_ptr142
                0x10008880        0x4 CMakeFiles/chord.dir/C_/Program_Files/Raspberry_Pi/Pico_SDK_v1.5.0/pico-sdk/lib/tinyusb/hw/bsp/rp2040/family.c.obj
 .binary_info.keep.__bi_ptr152
                0x10008884        0x4 CMakeFiles/chord.dir/C_/Program_Files/Raspberry_Pi/Pico_SDK_v1.5.0/pico-sdk/lib/tinyusb/hw/bsp/rp2040/family.c.obj
 *(.binary_info.*)
                0x10008888                __binary_info_end = .
                0x10008888                . = ALIGN (0x4)
                0x10008888                __etext = .

.ram_vector_table
                0x20000000       0xc0
 *(.ram_vector_table)
 .ram_vector_table
                0x20000000       0xc0 CMakeFiles/chord.dir/C_/Program_Files/Raspberry_Pi/Pico_SDK_v1.5.0/pico-sdk/src/rp2_common/pico_runtime/runtime.c.obj
                0x20000000                ram_vector_table

.data           0x200000c0      0xbfc load address 0x10008888
                0x200000c0                __data_start__ = .
 *(vtable)
 *(.time_critical*)
 .time_critical.mutex_try_enter
                0x200000c0       0x46 CMakeFiles/chord.dir/C_/Program_Files/Raspberry_Pi/Pico_SDK_v1.5.0/pico-sdk/src/common/pico_sync/mutex.c.obj
                0x200000c0                mutex_try_enter
 *fill*         0x20000106        0x2 
 .time_critical.mutex_enter_block_until
                0x20000108       0x8c CMakeFiles/chord.dir/C_/Program_Files/Raspberry_Pi/Pico_SDK_v1.5.0/pico-sdk/src/common/pico_sync/mutex.c.obj
                0x20000108                mutex_enter_block_until
 .time_critical.mutex_try_enter_block_until
                0x20000194       0x34 CMakeFiles/chord.dir/C_/Program_Files/Raspberry_Pi/Pico_SDK_v1.5.0/pico-sdk/src/common/pico_sync/mutex.c.obj
                0x20000194                mutex_try_enter_block_until
 .time_critical.mutex_enter_timeout_ms
                0x200001c8       0x68 CMakeFiles/chord.dir/C_/Program_Files/Raspberry_Pi/Pico_SDK_v1.5.0/pico-sdk/src/common/pico_sync/mutex.c.obj
                0x200001c8                mutex_enter_timeout_ms
 .time_critical.mutex_exit
                0x20000230       0x4c CMakeFiles/chord.dir/C_/Program_Files/Raspberry_Pi/Pico_SDK_v1.5.0/pico-sdk/src/common/pico_sync/mutex.c.obj
                0x20000230                mutex_exit
 .time_critical.reset_non_control_endpoints
                0x2000027c       0x40 CMakeFiles/chord.dir/C_/Program_Files/Raspberry_Pi/Pico_SDK_v1.5.0/pico-sdk/lib/tinyusb/src/portable/raspberrypi/rp2040/dcd_rp2040.c.obj
 .time_critical.hw_handle_buff_status
                0x200002bc       0xa4 CMakeFiles/chord.dir/C_/Program_Files/Raspberry_Pi/Pico_SDK_v1.5.0/pico-sdk/lib/tinyusb/src/portable/raspberrypi/rp2040/dcd_rp2040.c.obj
 .time_critical.dcd_rp2040_irq
                0x20000360      0x1cc CMakeFiles/chord.dir/C_/Program_Files/Raspberry_Pi/Pico_SDK_v1.5.0/pico-sdk/lib/tinyusb/src/portable/raspberrypi/rp2040/dcd_rp2040.c.obj
 .time_critical.e15_is_bulkin_ep
                0x2000052c       0x2c CMakeFiles/chord.dir/C_/Program_Files/Raspberry_Pi/Pico_SDK_v1.5.0/pico-sdk/lib/tinyusb/src/portable/raspberrypi/rp2040/rp2040_usb.c.obj
 .time_critical.e15_is_critical_frame_period
                0x20000558       0x30 CMakeFiles/chord.dir/C_/Program_Files/Raspberry_Pi/Pico_SDK_v1.5.0/pico-sdk/lib/tinyusb/src/portable/raspberrypi/rp2040/rp2040_usb.c.obj
 .time_critical.prepare_ep_buffer
                0x20000588       0x70 CMakeFiles/chord.dir/C_/Program_Files/Raspberry_Pi/Pico_SDK_v1.5.0/pico-sdk/lib/tinyusb/src/portable/raspberrypi/rp2040/rp2040_usb.c.obj
 .time_critical.sync_ep_buffer
                0x200005f8       0x80 CMakeFiles/chord.dir/C_/Program_Files/Raspberry_Pi/Pico_SDK_v1.5.0/pico-sdk/lib/tinyusb/src/portable/raspberrypi/rp2040/rp2040_usb.c.obj
 .time_critical._hw_endpoint_xfer_sync
                0x20000678       0x28 CMakeFiles/chord.dir/C_/Program_Files/Raspberry_Pi/Pico_SDK_v1.5.0/pico-sdk/lib/tinyusb/src/portable/raspberrypi/rp2040/rp2040_usb.c.obj
 .time_critical.hw_endpoint_reset_transfer
                0x200006a0        0xc CMakeFiles/chord.dir/C_/Program_Files/Raspberry_Pi/Pico_SDK_v1.5.0/pico-sdk/lib/tinyusb/src/portable/raspberrypi/rp2040/rp2040_usb.c.obj
                0x200006a0                hw_endpoint_reset_transfer
 .time_critical._hw_endpoint_buffer_control_update32
                0x200006ac       0x58 CMakeFiles/chord.dir/C_/Program_Files/Raspberry_Pi/Pico_SDK_v1.5.0/pico-sdk/lib/tinyusb/src/portable/raspberrypi/rp2040/rp2040_usb.c.obj
                0x200006ac                _hw_endpoint_buffer_control_update32
 .time_critical.hw_endpoint_start_next_buffer
                0x20000704       0x88 CMakeFiles/chord.dir/C_/Program_Files/Raspberry_Pi/Pico_SDK_v1.5.0/pico-sdk/lib/tinyusb/src/portable/raspberrypi/rp2040/rp2040_usb.c.obj
                0x20000704                hw_endpoint_start_next_buffer
 .time_critical.hw_endpoint_xfer_continue
                0x2000078c       0x50 CMakeFiles/chord.dir/C_/Program_Files/Raspberry_Pi/Pico_SDK_v1.5.0/pico-sdk/lib/tinyusb/src/portable/raspberrypi/rp2040/rp2040_usb.c.obj
                0x2000078c                hw_endpoint_xfer_continue
 .time_critical.tinyusb
                0x200007dc      0x1ec CMakeFiles/chord.dir/C_/Program_Files/Raspberry_Pi/Pico_SDK_v1.5.0/pico-sdk/lib/tinyusb/src/device/usbd.c.obj
                0x200007dc                dcd_event_handler
 *(.text*)
 .text          0x200009c8        0x4 c:/progra~1/raspbe~1/picosd~1.0/gcc-ar~1/bin/../lib/gcc/arm-none-eabi/10.3.1/thumb/v6-m/nofp\libgcc.a(_dvmd_tls.o)
                0x200009c8                __aeabi_idiv0
                0x200009c8                __aeabi_ldiv0
 *fill*         0x200009cc        0x4 
 .text.__stub   0x200009d0       0x90 linker stubs
                0x20000a60                . = ALIGN (0x4)
 *(.rodata*)
                0x20000a60                . = ALIGN (0x4)
 *(.data*)
 .data.MIDINotes
                0x20000a60        0xc CMakeFiles/chord.dir/chord.c.obj
                0x20000a60                MIDINotes
 .data.chordVoicings
                0x20000a6c       0x78 CMakeFiles/chord.dir/chord.c.obj
                0x20000a6c                chordVoicings
 .data.columnPins
                0x20000ae4        0x5 CMakeFiles/chord.dir/chord.c.obj
                0x20000ae4                columnPins
 *fill*         0x20000ae9        0x3 
 .data.keyMappings
                0x20000aec       0x30 CMakeFiles/chord.dir/chord.c.obj
                0x20000aec                keyMappings
 .data.ledNotesMappings
                0x20000b1c       0x30 CMakeFiles/chord.dir/chord.c.obj
                0x20000b1c                ledNotesMappings
 .data.ledQualityMappings
                0x20000b4c       0x28 CMakeFiles/chord.dir/chord.c.obj
                0x20000b4c                ledQualityMappings
 .data.qualityMappings
                0x20000b74       0x28 CMakeFiles/chord.dir/chord.c.obj
                0x20000b74                qualityMappings
 .data.rowPins  0x20000b9c        0x5 CMakeFiles/chord.dir/chord.c.obj
                0x20000b9c                rowPins
 *fill*         0x20000ba1        0x3 
 .data.string_desc_arr
                0x20000ba4       0x10 CMakeFiles/chord.dir/usb_descriptors.c.obj
                0x20000ba4                string_desc_arr
 .data.striped_spin_lock_num
                0x20000bb4        0x1 CMakeFiles/chord.dir/C_/Program_Files/Raspberry_Pi/Pico_SDK_v1.5.0/pico-sdk/src/rp2_common/hardware_sync/sync.c.obj
 *fill*         0x20000bb5        0x3 
 .data          0x20000bb8       0x48 CMakeFiles/chord.dir/C_/Program_Files/Raspberry_Pi/Pico_SDK_v1.5.0/pico-sdk/src/rp2_common/hardware_irq/irq_handler_chain.S.obj
                0x20000bb8                irq_handler_chain_slots
                0x20000be8                irq_handler_chain_first_slot
                0x20000bf2                irq_handler_chain_remove_tail
 .data.default_alarm_pool
                0x20000c00       0x18 CMakeFiles/chord.dir/C_/Program_Files/Raspberry_Pi/Pico_SDK_v1.5.0/pico-sdk/src/common/pico_time/time.c.obj
 .data.default_alarm_pool_heap
                0x20000c18       0x10 CMakeFiles/chord.dir/C_/Program_Files/Raspberry_Pi/Pico_SDK_v1.5.0/pico-sdk/src/common/pico_time/time.c.obj
 *fill*         0x20000c28        0x8 
 .data.aeabi_bits_funcs
                0x20000c30       0x10 CMakeFiles/chord.dir/C_/Program_Files/Raspberry_Pi/Pico_SDK_v1.5.0/pico-sdk/src/rp2_common/pico_bit_ops/bit_ops_aeabi.S.obj
                0x20000c30                aeabi_bits_funcs
                0x20000c40                aeabi_bits_funcs_end
 .data.aeabi_mem_funcs
                0x20000c40       0x10 CMakeFiles/chord.dir/C_/Program_Files/Raspberry_Pi/Pico_SDK_v1.5.0/pico-sdk/src/rp2_common/pico_mem_ops/mem_ops_aeabi.S.obj
                0x20000c40                aeabi_mem_funcs
                0x20000c50                aeabi_mem_funcs_end
 .data.stdio_uart
                0x20000c50       0x18 CMakeFiles/chord.dir/C_/Program_Files/Raspberry_Pi/Pico_SDK_v1.5.0/pico-sdk/src/rp2_common/pico_stdio_uart/stdio_uart.c.obj
                0x20000c50                stdio_uart
 .data.i2c0_inst
                0x20000c68        0x8 CMakeFiles/chord.dir/C_/Program_Files/Raspberry_Pi/Pico_SDK_v1.5.0/pico-sdk/src/rp2_common/hardware_i2c/i2c.c.obj
                0x20000c68                i2c0_inst
 .data.i2c1_inst
                0x20000c70        0x8 CMakeFiles/chord.dir/C_/Program_Files/Raspberry_Pi/Pico_SDK_v1.5.0/pico-sdk/src/rp2_common/hardware_i2c/i2c.c.obj
                0x20000c70                i2c1_inst
 .data.ep_dir_string
                0x20000c78        0x8 CMakeFiles/chord.dir/C_/Program_Files/Raspberry_Pi/Pico_SDK_v1.5.0/pico-sdk/lib/tinyusb/src/portable/raspberrypi/rp2040/rp2040_usb.c.obj
                0x20000c78                ep_dir_string
 .data._usbd_qdef
                0x20000c80       0x1c CMakeFiles/chord.dir/C_/Program_Files/Raspberry_Pi/Pico_SDK_v1.5.0/pico-sdk/lib/tinyusb/src/device/usbd.c.obj
                0x20000c80                _usbd_qdef
 .data._usbd_rhport
                0x20000c9c        0x1 CMakeFiles/chord.dir/C_/Program_Files/Raspberry_Pi/Pico_SDK_v1.5.0/pico-sdk/lib/tinyusb/src/device/usbd.c.obj
                0x20000ca0                . = ALIGN (0x4)
 *fill*         0x20000c9d        0x3 
 *(.after_data.*)
                0x20000ca0                . = ALIGN (0x4)
                0x20000ca0                PROVIDE (__mutex_array_start = .)
 *(SORT_BY_NAME(.mutex_array.*))
 *(.mutex_array)
 .mutex_array   0x20000ca0        0x8 CMakeFiles/chord.dir/C_/Program_Files/Raspberry_Pi/Pico_SDK_v1.5.0/pico-sdk/src/rp2_common/pico_stdio/stdio.c.obj
                0x20000ca8                PROVIDE (__mutex_array_end = .)
                0x20000ca8                . = ALIGN (0x4)
                0x20000ca8                PROVIDE (__preinit_array_start = .)
 *(SORT_BY_NAME(.preinit_array.*))
 .preinit_array.00001
                0x20000ca8        0x4 CMakeFiles/chord.dir/C_/Program_Files/Raspberry_Pi/Pico_SDK_v1.5.0/pico-sdk/src/rp2_common/pico_mem_ops/mem_ops_aeabi.S.obj
 .preinit_array.00010
                0x20000cac        0x4 CMakeFiles/chord.dir/C_/Program_Files/Raspberry_Pi/Pico_SDK_v1.5.0/pico-sdk/src/rp2_common/pico_bit_ops/bit_ops_aeabi.S.obj
 .preinit_array.00020
                0x20000cb0        0x4 CMakeFiles/chord.dir/C_/Program_Files/Raspberry_Pi/Pico_SDK_v1.5.0/pico-sdk/src/rp2_common/pico_double/double_aeabi.S.obj
 .preinit_array.00020
                0x20000cb4        0x4 CMakeFiles/chord.dir/C_/Program_Files/Raspberry_Pi/Pico_SDK_v1.5.0/pico-sdk/src/rp2_common/pico_float/float_aeabi.S.obj
 *(.preinit_array)
                0x20000cb8                PROVIDE (__preinit_array_end = .)
                0x20000cb8                . = ALIGN (0x4)
                0x20000cb8                PROVIDE (__init_array_start = .)
 *(SORT_BY_NAME(.init_array.*))
 *(.init_array)
 .init_array    0x20000cb8        0x4 c:/progra~1/raspbe~1/picosd~1.0/gcc-ar~1/bin/../lib/gcc/arm-none-eabi/10.3.1/thumb/v6-m/nofp/crtbegin.o
                0x20000cbc                PROVIDE (__init_array_end = .)
                0x20000cbc                . = ALIGN (0x4)
                [!provide]                PROVIDE (__fini_array_start = .)
 *(SORT_BY_NAME(.fini_array.*))
 *(.fini_array)
                [!provide]                PROVIDE (__fini_array_end = .)
 *(.jcr)
                0x20000cbc                . = ALIGN (0x4)
                0x20000cbc                __data_end__ = .

.igot.plt       0x20000cbc        0x0 load address 0x10009484
 .igot.plt      0x20000cbc        0x0 c:/progra~1/raspbe~1/picosd~1.0/gcc-ar~1/bin/../lib/gcc/arm-none-eabi/10.3.1/thumb/v6-m/nofp/crtbegin.o

.uninitialized_data
                0x20000cbc        0x0 load address 0x10009484
                0x20000cbc                . = ALIGN (0x4)
 *(.uninitialized_data*)

.scratch_x      0x20040000        0x0 load address 0x10009484
                0x20040000                __scratch_x_start__ = .
 *(.scratch_x.*)
                0x20040000                . = ALIGN (0x4)
                0x20040000                __scratch_x_end__ = .
                0x10009484                __scratch_x_source__ = LOADADDR (.scratch_x)

.scratch_y      0x20041000        0x0 load address 0x10009484
                0x20041000                __scratch_y_start__ = .
 *(.scratch_y.*)
                0x20041000                . = ALIGN (0x4)
                0x20041000                __scratch_y_end__ = .